10-20 08:58:56.410 D/WifiNl80211Manager(  534): Scan result ready event
10-20 08:58:56.410 D/WifiNative(  534): Scan result ready event
10-20 08:58:58.080 D/StatusBarIconController(  911): ignoring old pipeline callback because the new wifi icon is enabled
10-20 08:58:59.928 D/StatusBarIconController(  911): ignoring old pipeline callbacks, because the new mobile icons are enabled
10-20 08:58:59.933 D/EGL_emulation(  911): app_time_stats: avg=1377.33ms min=12.16ms max=13632.69ms count=10
10-20 08:59:00.003 I/AiAiEcho( 1689): Predicting[0]: 
10-20 08:59:00.003 I/AiAiEcho( 1689): EchoTargets: 
10-20 08:59:00.003 I/AiAiEcho( 1689): Filtered by AiAi flag check: 
10-20 08:59:00.003 I/AiAiEcho( 1689): Ranked targets strategy: SORT, count: 0, ranking metadata: 
10-20 08:59:00.004 I/AiAiEcho( 1689): #postPredictionTargets: Sending updates to UISurface lockscreen with targets# 0 (types=[])
10-20 08:59:00.018 W/PageIndicator(  911): Total number of pages invalid: 0. Assuming 1 page.
10-20 08:59:01.904 I/ActivityManager(  534): Force stopping com.geoloc.clientapp appid=10190 user=0: from pid 13808
10-20 08:59:01.906 I/ActivityManager(  534): PendingStartActivityUids startActivity to updateOomAdj delay:15405ms, uid:10162
10-20 08:59:01.906 W/ProcessStats(  534): Tracking association SourceState{8bcc0b2 com.google.android.gms.persistent/10127 BTop #21295} whose proc state 2 is better than process ProcessState{3a748fc com.google.android.gms/10127 pkg=com.google.android.gms (sub)} proc state 8 (13 skipped)
10-20 08:59:01.913 D/CarrierSvcBindHelper( 1134): onHandleForceStop: [com.geoloc.clientapp]
10-20 08:59:01.913 D/CarrierSvcBindHelper( 1134): No carrier app for: 0
10-20 08:59:01.994 D/AndroidRuntime(13811): >>>>>> START com.android.internal.os.RuntimeInit uid 2000 <<<<<<
10-20 08:59:01.998 I/AndroidRuntime(13811): Using default boot image
10-20 08:59:01.998 I/AndroidRuntime(13811): Leaving lock profiling enabled
10-20 08:59:01.999 I/app_process(13811): Using CollectorTypeCC GC.
10-20 08:59:02.048 D/nativeloader(13811): InitDefaultPublicLibraries for_preload=1: libandroid.so:libaaudio.so:libamidi.so:libbinder_ndk.so:libc.so:libcamera2ndk.so:libdl.so:libEGL.so:libGLESv1_CM.so:libGLESv2.so:libGLESv3.so:libicu.so:libicui18n.so:libicuuc.so:libjnigraphics.so:liblog.so:libmediandk.so:libm.so:libnativehelper.so:libnativewindow.so:libOpenMAXAL.so:libOpenSLES.so:libRS.so:libstdc++.so:libsync.so:libvulkan.so:libwebviewchromium_plat_support.so:libz.so
10-20 08:59:02.055 D/app_process(13811): Time zone APEX ICU file found: /apex/com.android.tzdata/etc/icu/icu_tzdata.dat
10-20 08:59:02.055 D/app_process(13811): I18n APEX ICU file found: /apex/com.android.i18n/etc/icu/icudt72l.dat
10-20 08:59:02.059 W/app_process(13811): Unexpected CPU variant for x86: x86_64.
10-20 08:59:02.059 W/app_process(13811): Known variants: atom, sandybridge, silvermont, goldmont, goldmont-plus, tremont, kabylake, default
10-20 08:59:02.070 W/libc    (13811): Access denied finding property "ro.product.name_for_attestation"
10-20 08:59:02.070 W/libc    (13811): Access denied finding property "ro.product.brand_for_attestation"
10-20 08:59:02.070 W/libc    (13811): Access denied finding property "ro.product.model_for_attestation"
10-20 08:59:02.071 D/AndroidRuntime(13811): Calling main entry com.android.commands.monkey.Monkey
10-20 08:59:02.072 W/Monkey  (13811): args: [-p, com.geoloc.clientapp, -c, android.intent.category.LAUNCHER, 1]
10-20 08:59:02.072 W/Monkey  (13811):  arg: "-p"
10-20 08:59:02.072 W/Monkey  (13811):  arg: "com.geoloc.clientapp"
10-20 08:59:02.073 W/Monkey  (13811):  arg: "-c"
10-20 08:59:02.073 W/Monkey  (13811):  arg: "android.intent.category.LAUNCHER"
10-20 08:59:02.073 W/Monkey  (13811):  arg: "1"
10-20 08:59:02.070 W/main    (13811): type=1400 audit(0.0:118): avc:  denied  { read } for  name="u:object_r:build_attestation_prop:s0" dev="tmpfs" ino=84 scontext=u:r:shell:s0 tcontext=u:object_r:build_attestation_prop:s0 tclass=file permissive=0
10-20 08:59:02.073 W/Monkey  (13811): data="com.geoloc.clientapp"
10-20 08:59:02.073 W/Monkey  (13811): data="android.intent.category.LAUNCHER"
10-20 08:59:02.070 W/main    (13811): type=1400 audit(0.0:119): avc:  denied  { read } for  name="u:object_r:build_attestation_prop:s0" dev="tmpfs" ino=84 scontext=u:r:shell:s0 tcontext=u:object_r:build_attestation_prop:s0 tclass=file permissive=0
10-20 08:59:02.070 W/main    (13811): type=1400 audit(0.0:120): avc:  denied  { read } for  name="u:object_r:build_attestation_prop:s0" dev="tmpfs" ino=84 scontext=u:r:shell:s0 tcontext=u:object_r:build_attestation_prop:s0 tclass=file permissive=0
10-20 08:59:02.081 W/ActivityManager(  534): registerReceiverWithFeature: no app for null
10-20 08:59:02.083 W/System  (13811): No Compatibility callbacks set! Querying change 263076149
10-20 08:59:02.083 W/System  (13811): No Compatibility callbacks set! Querying change 263076149
10-20 08:59:02.083 W/System  (13811): No Compatibility callbacks set! Querying change 263076149
10-20 08:59:02.092 D/CompatibilityChangeReporter(  534): Compat change id reported: 161252188; UID 10190; state: DISABLED
10-20 08:59:02.092 W/ActivityTaskManager(  534): callingPackage for (uid=2000, pid=13811) has no WPC
10-20 08:59:02.095 D/CompatibilityChangeReporter(  534): Compat change id reported: 265464455; UID 10190; state: DISABLED
10-20 08:59:02.095 D/CompatibilityChangeReporter(  534): Compat change id reported: 265452344; UID 10190; state: DISABLED
10-20 08:59:02.095 D/CompatibilityChangeReporter(  534): Compat change id reported: 266124927; UID 10190; state: DISABLED
10-20 08:59:02.095 D/CompatibilityChangeReporter(  534): Compat change id reported: 265451093; UID 10190; state: DISABLED
10-20 08:59:02.096 D/CompatibilityChangeReporter(  534): Compat change id reported: 265456536; UID 10190; state: DISABLED
10-20 08:59:02.096 D/CompatibilityChangeReporter(  534): Compat change id reported: 255940284; UID 10190; state: DISABLED
10-20 08:59:02.097 D/CompatibilityChangeReporter(  534): Compat change id reported: 236283604; UID 10190; state: DISABLED
10-20 08:59:02.097 D/CompatibilityChangeReporter(  534): Compat change id reported: 263959004; UID 10190; state: DISABLED
10-20 08:59:02.098 D/CompatibilityChangeReporter(  534): Compat change id reported: 264304459; UID 10190; state: DISABLED
10-20 08:59:02.099 D/CompatibilityChangeReporter(  534): Compat change id reported: 264301586; UID 10190; state: DISABLED
10-20 08:59:02.099 D/CompatibilityChangeReporter(  534): Compat change id reported: 254631730; UID 10190; state: DISABLED
10-20 08:59:02.099 D/CompatibilityChangeReporter(  534): Compat change id reported: 273509367; UID 10190; state: DISABLED
10-20 08:59:02.100 D/CompatibilityChangeReporter(  534): Compat change id reported: 263259275; UID 10190; state: DISABLED
10-20 08:59:02.100 D/CompatibilityChangeReporter(  534): Compat change id reported: 174042980; UID 10190; state: DISABLED
10-20 08:59:02.100 D/CompatibilityChangeReporter(  534): Compat change id reported: 174042936; UID 10190; state: DISABLED
10-20 08:59:02.100 D/CompatibilityChangeReporter(  534): Compat change id reported: 181136395; UID 10190; state: DISABLED
10-20 08:59:02.101 D/CompatibilityChangeReporter(  534): Compat change id reported: 194480991; UID 10190; state: ENABLED
10-20 08:59:02.105 D/CompatibilityChangeReporter(  534): Compat change id reported: 184838306; UID 10190; state: DISABLED
10-20 08:59:02.105 D/CompatibilityChangeReporter(  534): Compat change id reported: 185004937; UID 10190; state: DISABLED
10-20 08:59:02.106 D/CompatibilityChangeReporter(  534): Compat change id reported: 197654537; UID 10190; state: ENABLED
10-20 08:59:02.107 D/CompatibilityChangeReporter(  534): Compat change id reported: 205907456; UID 10190; state: ENABLED
10-20 08:59:02.110 V/WindowManagerShell(  911): Transition requested: android.os.BinderProxy@c53f928 TransitionRequestInfo { type = OPEN, triggerTask = TaskInfo{userId=0 taskId=20 displayId=0 isRunning=true baseIntent=Intent { act=android.intent.action.MAIN cat=[android.intent.category.LAUNCHER] flg=0x10200000 cmp=com.geoloc.clientapp/crc641440c5aeb5906f31.MainActivity } baseActivity=ComponentInfo{com.geoloc.clientapp/crc641440c5aeb5906f31.MainActivity} topActivity=ComponentInfo{com.geoloc.clientapp/crc641440c5aeb5906f31.MainActivity} origActivity=null realActivity=ComponentInfo{com.geoloc.clientapp/crc641440c5aeb5906f31.MainActivity} numActivities=1 lastActiveTime=3505671 supportsMultiWindow=true resizeMode=1 isResizeable=true minWidth=-1 minHeight=-1 defaultMinSize=220 token=WCT{android.window.IWindowContainerToken$Stub$Proxy@29b7641} topActivityType=1 pictureInPictureParams=null shouldDockBigOverlays=false launchIntoPipHostTaskId=-1 lastParentTaskIdBeforePip=-1 displayCutoutSafeInsets=Rect(0, 136 - 0, 0) topActivityInfo=ActivityInfo{17f57e6 crc641440c5aeb5906f31.MainActivity} launchCookies=[] positionInParent=Point(0, 0) parentTaskId=-1 isFocused=false isVisible=false isVisibleRequested=false isSleeping=false topActivityInSizeCompat=false topActivityEligibleForLetterboxEducation= false topActivityLetterboxed= false isFromDoubleTap= false topActivityLetterboxVerticalPosition= -1 topActivityLetterboxHorizontalPosition= -1 topActivityLetterboxWidth=-1 topActivityLetterboxHeight=-1 locusId=null displayAreaFeatureId=1 cameraCompatControlState=hidden}, remoteTransition = null, displayChange = null }
10-20 08:59:02.111 D/CompatibilityChangeReporter(  534): Compat change id reported: 194833441; UID 10190; state: ENABLED
10-20 08:59:02.111 I/ActivityTaskManager(  534): START u0 {act=android.intent.action.MAIN cat=[android.intent.category.LAUNCHER] flg=0x10200000 cmp=com.geoloc.clientapp/crc641440c5aeb5906f31.MainActivity} with LAUNCH_SINGLE_TOP from uid 2000 (BAL_ALLOW_PERMISSION) result code=0
10-20 08:59:02.111 I/Monkey  (13811): Events injected: 1
10-20 08:59:02.116 D/CompatibilityChangeReporter(  534): Compat change id reported: 135634846; UID 10190; state: DISABLED
10-20 08:59:02.117 D/CompatibilityChangeReporter(  534): Compat change id reported: 143937733; UID 10190; state: ENABLED
10-20 08:59:02.123 D/Zygote  (  364): Forked child process 13826
10-20 08:59:02.123 I/ActivityManager(  534): Start proc 13826:com.geoloc.clientapp/u0a190 for next-top-activity {com.geoloc.clientapp/crc641440c5aeb5906f31.MainActivity}
10-20 08:59:02.127 D/CompatibilityChangeReporter(  534): Compat change id reported: 168419799; UID 10190; state: DISABLED
10-20 08:59:02.128 D/CompatibilityChangeReporter(  534): Compat change id reported: 273564678; UID 10190; state: DISABLED
10-20 08:59:02.129 D/CompatibilityChangeReporter(  534): Compat change id reported: 265195908; UID 10190; state: ENABLED
10-20 08:59:02.131 I/BpBinder(  419): onLastStrongRef automatically unlinking death recipients: 
10-20 08:59:02.131 I/Monkey  (13811): ## Network stats: elapsed time=38ms (0ms mobile, 0ms wifi, 38ms not connected)
10-20 08:59:02.135 D/CoreBackPreview(  534): Window{100a214 u0 Splash Screen com.geoloc.clientapp}: Setting back callback OnBackInvokedCallbackInfo{mCallback=android.window.IOnBackInvokedCallback$Stub$Proxy@7417003, mPriority=0, mIsAnimationCallback=false}
10-20 08:59:02.148 I/eoloc.clientapp(13826): Late-enabling -Xcheck:jni
10-20 08:59:02.149 I/app_process(13811): System.exit called, status: 0
10-20 08:59:02.149 I/AndroidRuntime(13811): VM exiting with result code 0.
10-20 08:59:02.162 I/eoloc.clientapp(13826): Using CollectorTypeCC GC.
10-20 08:59:02.163 W/eoloc.clientapp(13826): Unexpected CPU variant for x86: x86_64.
10-20 08:59:02.163 W/eoloc.clientapp(13826): Known variants: atom, sandybridge, silvermont, goldmont, goldmont-plus, tremont, kabylake, default
10-20 08:59:02.166 E/OpenGLRenderer(  911): Unable to match the desired swap behavior.
10-20 08:59:02.168 D/EGL_emulation( 1177): app_time_stats: avg=422.50ms min=13.53ms max=15399.56ms count=38
10-20 08:59:02.197 V/WindowManagerShell(  911): onTransitionReady android.os.BinderProxy@c53f928: {id=38 t=OPEN f=0x0 trk=0 r=[0@Point(0, 0)] c=[{WCT{android.window.IWindowContainerToken$Stub$Proxy@50d71b1} m=OPEN f=NONE leash=Surface(name=Task=20)/@0x659b7ca sb=Rect(0, 0 - 1080, 2400) eb=Rect(0, 0 - 1080, 2400) d=0},{WCT{android.window.IWindowContainerToken$Stub$Proxy@f438696} m=TO_BACK f=SHOW_WALLPAPER leash=Surface(name=Task=1)/@0xa6efd3b sb=Rect(0, 0 - 1080, 2400) eb=Rect(0, 0 - 1080, 2400) d=0}]}
10-20 08:59:02.197 V/WindowManagerShell(  911): Playing animation for (#38)android.os.BinderProxy@c53f928@0
10-20 08:59:02.198 V/WindowManagerShell(  911):  try handler com.android.wm.shell.transition.DefaultMixedHandler@d114d22
10-20 08:59:02.198 V/WindowManager(  534): Sent Transition #38 createdAt=10-20 08:59:02.102 via request=TransitionRequestInfo { type = OPEN, triggerTask = TaskInfo{userId=0 taskId=20 displayId=0 isRunning=true baseIntent=Intent { act=android.intent.action.MAIN cat=[android.intent.category.LAUNCHER] flg=0x10200000 cmp=com.geoloc.clientapp/crc641440c5aeb5906f31.MainActivity } baseActivity=ComponentInfo{com.geoloc.clientapp/crc641440c5aeb5906f31.MainActivity} topActivity=ComponentInfo{com.geoloc.clientapp/crc641440c5aeb5906f31.MainActivity} origActivity=null realActivity=ComponentInfo{com.geoloc.clientapp/crc641440c5aeb5906f31.MainActivity} numActivities=1 lastActiveTime=3505671 supportsMultiWindow=true resizeMode=1 isResizeable=true minWidth=-1 minHeight=-1 defaultMinSize=220 token=WCT{RemoteToken{8018dfe Task{bd5585a #20 type=standard A=10190:com.geoloc.clientapp}}} topActivityType=1 pictureInPictureParams=null shouldDockBigOverlays=false launchIntoPipHostTaskId=-1 lastParentTaskIdBeforePip=-1 displayCutoutSafeInsets=Rect(0, 136 - 0, 0) topActivityInfo=ActivityInfo{261095f crc641440c5aeb5906f31.MainActivity} launchCookies=[] positionInParent=Point(0, 0) parentTaskId=-1 isFocused=false isVisible=false isVisibleRequested=false isSleeping=false topActivityInSizeCompat=false topActivityEligibleForLetterboxEducation= false topActivityLetterboxed= false isFromDoubleTap= false topActivityLetterboxVerticalPosition= -1 topActivityLetterboxHorizontalPosition= -1 topActivityLetterboxWidth=-1 topActivityLetterboxHeight=-1 locusId=null displayAreaFeatureId=1 cameraCompatControlState=hidden}, remoteTransition = null, displayChange = null }
10-20 08:59:02.198 V/WindowManager(  534):     startWCT=WindowContainerTransaction { changes = {} hops = [] errorCallbackToken=null taskFragmentOrganizer=null }
10-20 08:59:02.198 V/WindowManager(  534):     info={id=38 t=OPEN f=0x0 trk=0 r=[0@Point(0, 0)] c=[{WCT{RemoteToken{8018dfe Task{bd5585a #20 type=standard A=10190:com.geoloc.clientapp}}} m=OPEN f=NONE leash=Surface(name=Task=20)/@0xc4fcb80 sb=Rect(0, 0 - 1080, 2400) eb=Rect(0, 0 - 1080, 2400) d=0},{WCT{RemoteToken{2853102 Task{23e39ba #1 type=home}}} m=TO_BACK f=SHOW_WALLPAPER leash=Surface(name=Task=1)/@0xb42391a sb=Rect(0, 0 - 1080, 2400) eb=Rect(0, 0 - 1080, 2400) d=0}]}
10-20 08:59:02.199 V/WindowManagerShell(  911):  try handler com.android.wm.shell.keyguard.KeyguardTransitionHandler@2a63b3
10-20 08:59:02.199 V/WindowManagerShell(  911):  try handler com.android.wm.shell.activityembedding.ActivityEmbeddingController@bdf2d70
10-20 08:59:02.199 V/WindowManagerShell(  911):  try handler com.android.wm.shell.recents.RecentsTransitionHandler@27ea8e9
10-20 08:59:02.199 V/ShellRecents(  911): RecentsTransitionHandler.startAnimation: no controller found
10-20 08:59:02.199 V/WindowManagerShell(  911):  try handler com.android.wm.shell.pip.PipTransition@49b196e
10-20 08:59:02.199 V/WindowManagerShell(  911):  try handler com.android.wm.shell.splitscreen.StageCoordinator@dd880f
10-20 08:59:02.199 V/WindowManagerShell(  911):  try handler com.android.wm.shell.transition.RemoteTransitionHandler@861b09c
10-20 08:59:02.199 V/WindowManagerShell(  911): Transition doesn't have explicit remote, search filters for match for {id=38 t=OPEN f=0x0 trk=0 r=[0@Point(0, 0)] c=[{WCT{android.window.IWindowContainerToken$Stub$Proxy@50d71b1} m=OPEN f=NONE leash=Surface(name=Task=20)/@0x659b7ca sb=Rect(0, 0 - 1080, 2400) eb=Rect(0, 0 - 1080, 2400) d=0},{WCT{android.window.IWindowContainerToken$Stub$Proxy@f438696} m=TO_BACK f=SHOW_WALLPAPER leash=Surface(name=Task=1)/@0xa6efd3b sb=Rect(0, 0 - 1080, 2400) eb=Rect(0, 0 - 1080, 2400) d=0}]}
10-20 08:59:02.200 V/WindowManagerShell(  911):  Checking filter Pair{{types=[] flags=0x0] notFlags=0x0 checks=[{atype=dream independent=true modes=[OPEN,TO_FRONT] flags=NONE mustBeTask=false order=ANY topActivity=null},{atype=home independent=true modes=[CLOSE,TO_BACK] flags=NONE mustBeTask=false order=ANY topActivity=null}]} RemoteTransition { remoteTransition = android.window.IRemoteTransition$Stub$Proxy@a98cdbe, appThread = android.app.IApplicationThread$Stub$Proxy@b3ae1f, debugName = LauncherToDream }}
10-20 08:59:02.200 V/WindowManagerShell(  911):  Checking filter Pair{{types=[] flags=0x0] notFlags=0x100 checks=[{atype=home independent=true modes=[OPEN,TO_FRONT] flags=NONE mustBeTask=false order=TOP topActivity=ComponentInfo{com.google.android.apps.nexuslauncher/com.google.android.apps.nexuslauncher.NexusLauncherActivity}},{atype=standard independent=true modes=[CLOSE,TO_BACK] flags=NONE mustBeTask=false order=ANY topActivity=null}]} RemoteTransition { remoteTransition = android.window.IRemoteTransition$Stub$Proxy@688c56c, appThread = android.app.IApplicationThread$Stub$Proxy@1eb2735, debugName = QuickstepLaunchHome }}
10-20 08:59:02.200 V/WindowManagerShell(  911):  Delegate animation for #38 to null
10-20 08:59:02.200 V/WindowManagerShell(  911):  try handler com.android.wm.shell.transition.DefaultTransitionHandler@a0feaa5
10-20 08:59:02.200 V/WindowManagerShell(  911): start default transition animation, info = {id=38 t=OPEN f=0x0 trk=0 r=[0@Point(0, 0)] c=[{WCT{android.window.IWindowContainerToken$Stub$Proxy@50d71b1} m=OPEN f=NONE leash=Surface(name=Task=20)/@0x659b7ca sb=Rect(0, 0 - 1080, 2400) eb=Rect(0, 0 - 1080, 2400) d=0},{WCT{android.window.IWindowContainerToken$Stub$Proxy@f438696} m=TO_BACK f=SHOW_WALLPAPER leash=Surface(name=Task=1)/@0xa6efd3b sb=Rect(0, 0 - 1080, 2400) eb=Rect(0, 0 - 1080, 2400) d=0}]}
10-20 08:59:02.200 V/WindowManagerShell(  911): loadAnimation: anim=android.view.animation.AnimationSet@c63217 animAttr=0x13 type=OPEN isEntrance=false
10-20 08:59:02.200 V/WindowManagerShell(  911): loadAnimation: anim=android.view.animation.AnimationSet@c708604 animAttr=0x12 type=OPEN isEntrance=true
10-20 08:59:02.201 V/WindowManagerShell(  911):  animated by com.android.wm.shell.transition.DefaultTransitionHandler@a0feaa5
10-20 08:59:02.202 I/adbd    ( 2333): jdwp connection from 13826
10-20 08:59:02.217 I/GsaVoiceInteractionSrv( 1716): Handling ACTION_STOP_HOTWORD
10-20 08:59:02.219 E/HwDetectorWithState( 1716): a: 3
10-20 08:59:02.226 D/CompatibilityChangeReporter(13826): Compat change id reported: 171979766; UID 10190; state: ENABLED
10-20 08:59:02.226 D/CompatibilityChangeReporter(13826): Compat change id reported: 242716250; UID 10190; state: ENABLED
10-20 08:59:02.228 D/CompatibilityChangeReporter(  534): Compat change id reported: 170503758; UID 10190; state: ENABLED
10-20 08:59:02.234 D/EGL_emulation(  911): app_time_stats: avg=1150.34ms min=87.03ms max=2213.64ms count=2
10-20 08:59:02.234 D/nativeloader(13826): Configuring clns-6 for other apk /system/framework/org.apache.http.legacy.jar. target_sdk_version=35, uses_libraries=ALL, library_path=/data/app/~~XUm80OLO86iXdPoGRrJpww==/com.geoloc.clientapp-ztSirY0SaXpGRFYG6dswsQ==/lib/x86_64:/data/app/~~XUm80OLO86iXdPoGRrJpww==/com.geoloc.clientapp-ztSirY0SaXpGRFYG6dswsQ==/base.apk!/lib/x86_64, permitted_path=/data:/mnt/expand:/data/user/0/com.geoloc.clientapp
10-20 08:59:02.235 I/AppsFilter(  534): interaction: PackageSetting{accc557 com.geoloc.clientapp/10190} -> PackageSetting{ae7272c com.android.cts.priv.ctsshim/10181} BLOCKED
10-20 08:59:02.235 I/AppsFilter(  534): interaction: PackageSetting{accc557 com.geoloc.clientapp/10190} -> PackageSetting{a6345f5 com.google.android.youtube/10140} BLOCKED
10-20 08:59:02.235 D/ApplicationLoaders(13826): Returning zygote-cached class loader: /system_ext/framework/androidx.window.extensions.jar
10-20 08:59:02.235 I/AppsFilter(  534): interaction: PackageSetting{accc557 com.geoloc.clientapp/10190} -> PackageSetting{c139f8a com.android.internal.display.cutout.emulation.corner/10049} BLOCKED
10-20 08:59:02.235 I/AppsFilter(  534): interaction: PackageSetting{accc557 com.geoloc.clientapp/10190} -> PackageSetting{db329fb com.android.internal.display.cutout.emulation.double/10056} BLOCKED
10-20 08:59:02.235 I/AppsFilter(  534): interaction: PackageSetting{accc557 com.geoloc.clientapp/10190} -> PackageSetting{f358a18 com.google.android.googlequicksearchbox/10132} BLOCKED
10-20 08:59:02.235 I/AppsFilter(  534): interaction: PackageSetting{accc557 com.geoloc.clientapp/10190} -> PackageSetting{6f4c71 com.google.android.onetimeinitializer/10118} BLOCKED
10-20 08:59:02.235 D/ApplicationLoaders(13826): Returning zygote-cached class loader: /system_ext/framework/androidx.window.sidecar.jar
10-20 08:59:02.235 I/AppsFilter(  534): interaction: PackageSetting{accc557 com.geoloc.clientapp/10190} -> PackageSetting{9142a56 com.google.android.ext.shared/10107} BLOCKED
10-20 08:59:02.235 I/AppsFilter(  534): interaction: PackageSetting{accc557 com.geoloc.clientapp/10190} -> PackageSetting{7006ad7 com.android.internal.systemui.navbar.gestural_wide_back/10040} BLOCKED
10-20 08:59:02.235 I/AppsFilter(  534): interaction: PackageSetting{accc557 com.geoloc.clientapp/10190} -> PackageSetting{5052fc4 com.android.virtualmachine.res/10173} BLOCKED
10-20 08:59:02.235 I/AppsFilter(  534): interaction: PackageSetting{accc557 com.geoloc.clientapp/10190} -> PackageSetting{d5b3ead com.google.android.federatedcompute/10186} BLOCKED
10-20 08:59:02.235 I/AppsFilter(  534): interaction: PackageSetting{accc557 com.geoloc.clientapp/10190} -> PackageSetting{3c095e2 com.android.managedprovisioning.auto_generated_rro_product__/10003} BLOCKED
10-20 08:59:02.235 I/AppsFilter(  534): interaction: PackageSetting{accc557 com.geoloc.clientapp/10190} -> PackageSetting{576dd73 com.android.carrierconfig.auto_generated_rro_vendor__/10077} BLOCKED
10-20 08:59:02.235 I/AppsFilter(  534): interaction: PackageSetting{accc557 com.geoloc.clientapp/10190} -> PackageSetting{5078430 com.android.systemui.emulation.pixel_3_xl/10066} BLOCKED
10-20 08:59:02.235 I/AppsFilter(  534): interaction: PackageSetting{accc557 com.geoloc.clientapp/10190} -> PackageSetting{b9a18a9 com.android.systemui.emulation.pixel_4_xl/10073} BLOCKED
10-20 08:59:02.235 I/AppsFilter(  534): interaction: PackageSetting{accc557 com.geoloc.clientapp/10190} -> PackageSetting{fd62e2e com.android.systemui.emulation.pixel_fold/10014} BLOCKED
10-20 08:59:02.235 I/AppsFilter(  534): interaction: PackageSetting{accc557 com.geoloc.clientapp/10190} -> PackageSetting{5d7ddcf com.android.simappdialog.auto_generated_rro_product__/10019} BLOCKED
10-20 08:59:02.235 I/AppsFilter(  534): interaction: PackageSetting{accc557 com.geoloc.clientapp/10190} -> PackageSetting{f98b35c com.android.htmlviewer/10112} BLOCKED
10-20 08:59:02.235 W/ziparchive(13826): Unable to open '/data/app/~~XUm80OLO86iXdPoGRrJpww==/com.geoloc.clientapp-ztSirY0SaXpGRFYG6dswsQ==/base.dm': No such file or directory
10-20 08:59:02.235 W/ziparchive(13826): Unable to open '/data/app/~~XUm80OLO86iXdPoGRrJpww==/com.geoloc.clientapp-ztSirY0SaXpGRFYG6dswsQ==/base.dm': No such file or directory
10-20 08:59:02.235 I/AppsFilter(  534): interaction: PackageSetting{accc557 com.geoloc.clientapp/10190} -> PackageSetting{fd29665 com.google.android.health.connect.backuprestore/10171} BLOCKED
10-20 08:59:02.235 I/AppsFilter(  534): interaction: PackageSetting{accc557 com.geoloc.clientapp/10190} -> PackageSetting{d9aff3a com.android.systemui.auto_generated_rro_product__/10063} BLOCKED
10-20 08:59:02.235 I/AppsFilter(  534): interaction: PackageSetting{accc557 com.geoloc.clientapp/10190} -> PackageSetting{59e87eb com.google.android.apps.messaging/10130} BLOCKED
10-20 08:59:02.235 I/AppsFilter(  534): interaction: PackageSetting{accc557 com.geoloc.clientapp/10190} -> PackageSetting{caba948 com.google.android.soundpicker/10144} BLOCKED
10-20 08:59:02.235 I/AppsFilter(  534): interaction: PackageSetting{accc557 com.geoloc.clientapp/10190} -> PackageSetting{85b33e1 com.google.android.configupdater/10129} BLOCKED
10-20 08:59:02.235 I/AppsFilter(  534): interaction: PackageSetting{accc557 com.geoloc.clientapp/10190} -> PackageSetting{9a9d506 com.android.internal.emulation.pixel_3a_xl/10022} BLOCKED
10-20 08:59:02.235 I/AppsFilter(  534): interaction: PackageSetting{accc557 com.geoloc.clientapp/10190} -> PackageSetting{4dbb7c7 com.android.internal.emulation.pixel_6_pro/10060} BLOCKED
10-20 08:59:02.235 I/AppsFilter(  534): interaction: PackageSetting{accc557 com.geoloc.clientapp/10190} -> PackageSetting{e7611f4 com.android.internal.emulation.pixel_7_pro/10004} BLOCKED
10-20 08:59:02.235 I/AppsFilter(  534): interaction: PackageSetting{accc557 com.geoloc.clientapp/10190} -> PackageSetting{8762d1d com.android.internal.emulation.pixel_8_pro/10048} BLOCKED
10-20 08:59:02.235 I/AppsFilter(  534): interaction: PackageSetting{accc557 com.geoloc.clientapp/10190} -> PackageSetting{d7e3b92 com.android.internal.emulation.pixel_3a/10034} BLOCKED
10-20 08:59:02.235 I/AppsFilter(  534): interaction: PackageSetting{accc557 com.geoloc.clientapp/10190} -> PackageSetting{9d20963 com.android.internal.emulation.pixel_4a/10037} BLOCKED
10-20 08:59:02.236 I/AppsFilter(  534): interaction: PackageSetting{accc557 com.geoloc.clientapp/10190} -> PackageSetting{2dc5960 com.android.internal.emulation.pixel_6a/10043} BLOCKED
10-20 08:59:02.236 I/AppsFilter(  534): interaction: PackageSetting{accc557 com.geoloc.clientapp/10190} -> PackageSetting{b4d7e19 com.android.internal.emulation.pixel_7a/10072} BLOCKED
10-20 08:59:02.236 I/AppsFilter(  534): interaction: PackageSetting{accc557 com.geoloc.clientapp/10190} -> PackageSetting{cc07ede com.google.android.overlay.googlewebview/10028} BLOCKED
10-20 08:59:02.236 I/AppsFilter(  534): interaction: PackageSetting{accc557 com.geoloc.clientapp/10190} -> PackageSetting{251d8bf com.google.android.hotspot2.osulogin/10178} BLOCKED
10-20 08:59:02.236 I/AppsFilter(  534): interaction: PackageSetting{accc557 com.geoloc.clientapp/10190} -> PackageSetting{f9dab8c com.android.simappdialog/10113} BLOCKED
10-20 08:59:02.236 I/AppsFilter(  534): interaction: PackageSetting{accc557 com.geoloc.clientapp/10190} -> PackageSetting{aaee2d5 com.android.internal.display.cutout.emulation.hole/10013} BLOCKED
10-20 08:59:02.236 I/AppsFilter(  534): interaction: PackageSetting{accc557 com.geoloc.clientapp/10190} -> PackageSetting{b51aaea com.android.internal.display.cutout.emulation.tall/10031} BLOCKED
10-20 08:59:02.236 I/AppsFilter(  534): interaction: PackageSetting{accc557 com.geoloc.clientapp/10190} -> PackageSetting{ed541db com.android.internal.systemui.navbar.threebutton/10001} BLOCKED
10-20 08:59:02.236 I/AppsFilter(  534): interaction: PackageSetting{accc557 com.geoloc.clientapp/10190} -> PackageSetting{53ff478 com.android.camera2/10148} BLOCKED
10-20 08:59:02.236 I/AppsFilter(  534): interaction: PackageSetting{accc557 com.geoloc.clientapp/10190} -> PackageSetting{587d751 com.android.systemui.auto_generated_rro_vendor__/10076} BLOCKED
10-20 08:59:02.236 I/AppsFilter(  534): interaction: PackageSetting{accc557 com.geoloc.clientapp/10190} -> PackageSetting{8178bb6 com.google.android.deskclock/10141} BLOCKED
10-20 08:59:02.236 I/AppsFilter(  534): interaction: PackageSetting{accc557 com.geoloc.clientapp/10190} -> PackageSetting{35c20b7 com.android.internal.systemui.navbar.twobutton/10009} BLOCKED
10-20 08:59:02.236 I/AppsFilter(  534): interaction: PackageSetting{accc557 com.geoloc.clientapp/10190} -> PackageSetting{4bbe024 com.google.android.as/10125} BLOCKED
10-20 08:59:02.236 I/AppsFilter(  534): interaction: PackageSetting{accc557 com.geoloc.clientapp/10190} -> PackageSetting{b51cd35 com.google.android.gm/10147} BLOCKED
10-20 08:59:02.236 I/AppsFilter(  534): interaction: PackageSetting{accc557 com.geoloc.clientapp/10190} -> PackageSetting{888ad42 com.android.internal.systemui.navbar.gestural_extra_wide_back/10011} BLOCKED
10-20 08:59:02.236 I/AppsFilter(  534): interaction: PackageSetting{accc557 com.geoloc.clientapp/10190} -> PackageSetting{a081153 com.android.systemui.emulation.pixel_3/10000} BLOCKED
10-20 08:59:02.236 I/AppsFilter(  534): interaction: PackageSetting{accc557 com.geoloc.clientapp/10190} -> PackageSetting{3e8da90 com.android.systemui.emulation.pixel_4/10021} BLOCKED
10-20 08:59:02.236 I/AppsFilter(  534): interaction: PackageSetting{accc557 com.geoloc.clientapp/10190} -> PackageSetting{81d1f89 com.android.systemui.emulation.pixel_5/10020} BLOCKED
10-20 08:59:02.236 I/AppsFilter(  534): interaction: PackageSetting{accc557 com.geoloc.clientapp/10190} -> PackageSetting{f85b8e com.android.systemui.emulation.pixel_6/10050} BLOCKED
10-20 08:59:02.236 I/AppsFilter(  534): interaction: PackageSetting{accc557 com.geoloc.clientapp/10190} -> PackageSetting{3786faf com.android.systemui.emulation.pixel_7/10061} BLOCKED
10-20 08:59:02.236 I/AppsFilter(  534): interaction: PackageSetting{accc557 com.geoloc.clientapp/10190} -> PackageSetting{ca90fbc com.android.systemui.emulation.pixel_8/10024} BLOCKED
10-20 08:59:02.236 I/AppsFilter(  534): interaction: PackageSetting{accc557 com.geoloc.clientapp/10190} -> PackageSetting{e2f2b45 com.android.nfc.auto_generated_rro_product__/10068} BLOCKED
10-20 08:59:02.236 I/AppsFilter(  534): interaction: PackageSetting{accc557 com.geoloc.clientapp/10190} -> PackageSetting{5a2a29a com.android.printspooler/10102} BLOCKED
10-20 08:59:02.236 I/AppsFilter(  534): interaction: PackageSetting{accc557 com.geoloc.clientapp/10190} -> PackageSetting{e657cb com.android.emergency.auto_generated_rro_product__/10017} BLOCKED
10-20 08:59:02.236 I/AppsFilter(  534): interaction: PackageSetting{accc557 com.geoloc.clientapp/10190} -> PackageSetting{2d56ba8 com.google.android.connectivity.resources.goldfish.overlay/10080} BLOCKED
10-20 08:59:02.236 I/AppsFilter(  534): interaction: PackageSetting{accc557 com.geoloc.clientapp/10190} -> PackageSetting{79c36c1 com.android.dreams.basic/10108} BLOCKED
10-20 08:59:02.236 I/AppsFilter(  534): interaction: PackageSetting{accc557 com.geoloc.clientapp/10190} -> PackageSetting{784e66 com.google.android.networkstack.tethering.emulator/10059} BLOCKED
10-20 08:59:02.236 I/AppsFilter(  534): interaction: PackageSetting{accc557 com.geoloc.clientapp/10190} -> PackageSetting{400a5a7 com.android.providers.settings.auto_generated_rro_product__/10051} BLOCKED
10-20 08:59:02.237 I/AppsFilter(  534): interaction: PackageSetting{accc557 com.geoloc.clientapp/10190} -> PackageSetting{ce99a54 com.google.android.as.oss/10116} BLOCKED
10-20 08:59:02.237 I/AppsFilter(  534): interaction: PackageSetting{accc557 com.geoloc.clientapp/10190} -> PackageSetting{d747dfd com.android.traceur.auto_generated_rro_product__/10064} BLOCKED
10-20 08:59:02.237 I/AppsFilter(  534): interaction: PackageSetting{accc557 com.geoloc.clientapp/10190} -> PackageSetting{7aaeaf2 com.google.android.devicelockcontroller/10172} BLOCKED
10-20 08:59:02.237 I/AppsFilter(  534): interaction: PackageSetting{accc557 com.geoloc.clientapp/10190} -> PackageSetting{87f543 com.google.android.dialer/10126} BLOCKED
10-20 08:59:02.237 I/AppsFilter(  534): interaction: PackageSetting{accc557 com.geoloc.clientapp/10190} -> PackageSetting{b7007c0 com.android.internal.emulation.pixel_3/10039} BLOCKED
10-20 08:59:02.237 I/AppsFilter(  534): interaction: PackageSetting{accc557 com.geoloc.clientapp/10190} -> PackageSetting{f8ffcf9 com.android.internal.emulation.pixel_4/10041} BLOCKED
10-20 08:59:02.238 I/AppsFilter(  534): interaction: PackageSetting{accc557 com.geoloc.clientapp/10190} -> PackageSetting{f8c43e com.android.internal.emulation.pixel_5/10015} BLOCKED
10-20 08:59:02.238 I/AppsFilter(  534): interaction: PackageSetting{accc557 com.geoloc.clientapp/10190} -> PackageSetting{baaa29f com.android.internal.emulation.pixel_6/10055} BLOCKED
10-20 08:59:02.238 I/AppsFilter(  534): interaction: PackageSetting{accc557 com.geoloc.clientapp/10190} -> PackageSetting{b2ddfec com.android.internal.emulation.pixel_7/10023} BLOCKED
10-20 08:59:02.238 I/AppsFilter(  534): interaction: PackageSetting{accc557 com.geoloc.clientapp/10190} -> PackageSetting{94a6fb5 com.android.internal.emulation.pixel_8/10054} BLOCKED
10-20 08:59:02.238 I/AppsFilter(  534): interaction: PackageSetting{accc557 com.geoloc.clientapp/10190} -> PackageSetting{db8e64a com.google.android.captiveportallogin/10110} BLOCKED
10-20 08:59:02.238 I/AppsFilter(  534): interaction: PackageSetting{accc557 com.geoloc.clientapp/10190} -> PackageSetting{520c9bb com.android.musicfx/10086} BLOCKED
10-20 08:59:02.238 I/AppsFilter(  534): interaction: PackageSetting{accc557 com.geoloc.clientapp/10190} -> PackageSetting{e0f0ed8 com.google.android.apps.docs/10152} BLOCKED
10-20 08:59:02.238 I/AppsFilter(  534): interaction: PackageSetting{accc557 com.geoloc.clientapp/10190} -> PackageSetting{5ff5231 com.google.android.modulemetadata/10149} BLOCKED
10-20 08:59:02.238 I/AppsFilter(  534): interaction: PackageSetting{accc557 com.geoloc.clientapp/10190} -> PackageSetting{ba71d16 com.google.android.markup/10138} BLOCKED
10-20 08:59:02.238 I/AppsFilter(  534): interaction: PackageSetting{accc557 com.geoloc.clientapp/10190} -> PackageSetting{6084697 com.android.providers.settings.auto_generated_rro_vendor__/10079} BLOCKED
10-20 08:59:02.238 I/AppsFilter(  534): interaction: PackageSetting{accc557 com.geoloc.clientapp/10190} -> PackageSetting{6d24084 com.google.android.webview/10133} BLOCKED
10-20 08:59:02.238 I/AppsFilter(  534): interaction: PackageSetting{accc557 com.geoloc.clientapp/10190} -> PackageSetting{145e06d com.google.android.rkpdapp/10189} BLOCKED
10-20 08:59:02.238 I/AppsFilter(  534): interaction: PackageSetting{accc557 com.geoloc.clientapp/10190} -> PackageSetting{a58b5ca com.google.android.contacts/10136} BLOCKED
10-20 08:59:02.238 I/AppsFilter(  534): interaction: PackageSetting{accc557 com.geoloc.clientapp/10190} -> PackageSetting{180b533 com.android.server.telecom.auto_generated_rro_product__/10006} BLOCKED
10-20 08:59:02.238 I/AppsFilter(  534): interaction: PackageSetting{accc557 com.geoloc.clientapp/10190} -> PackageSetting{374e0f0 com.google.android.overlay.googleconfig/10007} BLOCKED
10-20 08:59:02.238 I/AppsFilter(  534): interaction: PackageSetting{accc557 com.geoloc.clientapp/10190} -> PackageSetting{eed1669 com.android.chrome/10142} BLOCKED
10-20 08:59:02.238 I/AppsFilter(  534): interaction: PackageSetting{accc557 com.geoloc.clientapp/10190} -> PackageSetting{5fcb8ee com.android.bips.auto_generated_rro_product__/10016} BLOCKED
10-20 08:59:02.238 I/AppsFilter(  534): interaction: PackageSetting{accc557 com.geoloc.clientapp/10190} -> PackageSetting{307718f com.google.android.apps.customization.pixel/10150} BLOCKED
10-20 08:59:02.238 I/AppsFilter(  534): interaction: PackageSetting{accc557 com.geoloc.clientapp/10190} -> PackageSetting{25f1c1c com.google.android.tag/10087} BLOCKED
10-20 08:59:02.238 I/AppsFilter(  534): interaction: PackageSetting{accc557 com.geoloc.clientapp/10190} -> PackageSetting{6b7b025 com.google.android.overlay.permissioncontroller/10067} BLOCKED
10-20 08:59:02.238 I/AppsFilter(  534): interaction: PackageSetting{accc557 com.geoloc.clientapp/10190} -> PackageSetting{57f75fa com.google.android.partnersetup/10128} BLOCKED
10-20 08:59:02.238 I/AppsFilter(  534): interaction: PackageSetting{accc557 com.geoloc.clientapp/10190} -> PackageSetting{69397ab com.google.android.apps.wallpaper.nexus/10134} BLOCKED
10-20 08:59:02.238 I/AppsFilter(  534): interaction: PackageSetting{accc557 com.geoloc.clientapp/10190} -> PackageSetting{e4fde08 com.google.android.apps.nexuslauncher/10162} BLOCKED
10-20 08:59:02.238 I/AppsFilter(  534): interaction: PackageSetting{accc557 com.geoloc.clientapp/10190} -> PackageSetting{fd829a1 com.google.android.nearby.halfsheet/10188} BLOCKED
10-20 08:59:02.238 I/AppsFilter(  534): interaction: PackageSetting{accc557 com.geoloc.clientapp/10190} -> PackageSetting{f3ef7c6 com.android.theme.font.notoserifsource/10053} BLOCKED
10-20 08:59:02.238 I/AppsFilter(  534): interaction: PackageSetting{accc557 com.geoloc.clientapp/10190} -> PackageSetting{6720387 com.google.android.safetycenter.resources/10183} BLOCKED
10-20 08:59:02.238 I/AppsFilter(  534): interaction: PackageSetting{accc557 com.geoloc.clientapp/10190} -> PackageSetting{d08d2b4 com.android.internal.display.cutout.emulation.waterfall/10057} BLOCKED
10-20 08:59:02.239 I/AppsFilter(  534): interaction: PackageSetting{accc557 com.geoloc.clientapp/10190} -> PackageSetting{82cbedd com.android.internal.systemui.navbar.transparent/10018} BLOCKED
10-20 08:59:02.239 I/AppsFilter(  534): interaction: PackageSetting{accc557 com.geoloc.clientapp/10190} -> PackageSetting{922ca52 com.google.android.connectivity.resources/10187} BLOCKED
10-20 08:59:02.239 I/AppsFilter(  534): interaction: PackageSetting{accc557 com.geoloc.clientapp/10190} -> PackageSetting{ae15123 com.android.providers.contacts.auto_generated_rro_product__/10026} BLOCKED
10-20 08:59:02.239 I/AppsFilter(  534): interaction: PackageSetting{accc557 com.geoloc.clientapp/10190} -> PackageSetting{cba6620 com.google.android.feedback/10166} BLOCKED
10-20 08:59:02.239 I/AppsFilter(  534): interaction: PackageSetting{accc557 com.geoloc.clientapp/10190} -> PackageSetting{33b6bd9 com.google.android.printservice.recommendation/10101} BLOCKED
10-20 08:59:02.239 I/AppsFilter(  534): interaction: PackageSetting{accc557 com.geoloc.clientapp/10190} -> PackageSetting{dff399e com.google.android.apps.photos/10151} BLOCKED
10-20 08:59:02.239 I/AppsFilter(  534): interaction: PackageSetting{accc557 com.geoloc.clientapp/10190} -> PackageSetting{6ebe198 com.google.android.calendar/10137} BLOCKED
10-20 08:59:02.239 I/AppsFilter(  534): interaction: PackageSetting{accc557 com.geoloc.clientapp/10190} -> PackageSetting{76ddc7f com.google.android.documentsui/10098} BLOCKED
10-20 08:59:02.239 I/AppsFilter(  534): interaction: PackageSetting{accc557 com.geoloc.clientapp/10190} -> PackageSetting{c2fc44c com.android.systemui.emulation.pixel_3a_xl/10044} BLOCKED
10-20 08:59:02.239 I/AppsFilter(  534): interaction: PackageSetting{accc557 com.geoloc.clientapp/10190} -> PackageSetting{cedec95 com.android.systemui.emulation.pixel_6_pro/10052} BLOCKED
10-20 08:59:02.239 I/AppsFilter(  534): interaction: PackageSetting{accc557 com.geoloc.clientapp/10190} -> PackageSetting{fa151aa com.android.systemui.emulation.pixel_7_pro/10005} BLOCKED
10-20 08:59:02.239 I/AppsFilter(  534): interaction: PackageSetting{accc557 com.geoloc.clientapp/10190} -> PackageSetting{20dc19b com.android.systemui.emulation.pixel_8_pro/10032} BLOCKED
10-20 08:59:02.239 I/AppsFilter(  534): interaction: PackageSetting{accc557 com.geoloc.clientapp/10190} -> PackageSetting{9bad938 com.google.mainline.telemetry/10146} BLOCKED
10-20 08:59:02.239 I/AppsFilter(  534): interaction: PackageSetting{accc557 com.geoloc.clientapp/10190} -> PackageSetting{c0dbd11 com.android.carrierconfig.auto_generated_rro_product__/10027} BLOCKED
10-20 08:59:02.239 I/AppsFilter(  534): interaction: PackageSetting{accc557 com.geoloc.clientapp/10190} -> PackageSetting{d9ade76 com.android.providers.partnerbookmarks/10111} BLOCKED
10-20 08:59:02.239 I/AppsFilter(  534): interaction: PackageSetting{accc557 com.geoloc.clientapp/10190} -> PackageSetting{ffcdc77 com.android.wallpaper.livepicker/10091} BLOCKED
10-20 08:59:02.239 I/AppsFilter(  534): interaction: PackageSetting{accc557 com.geoloc.clientapp/10190} -> PackageSetting{4e050e4 com.android.providers.telephony.auto_generated_rro_product__/10002} BLOCKED
10-20 08:59:02.239 I/AppsFilter(  534): interaction: PackageSetting{accc557 com.geoloc.clientapp/10190} -> PackageSetting{80194d com.android.phone.auto_generated_rro_vendor__/10078} BLOCKED
10-20 08:59:02.239 I/AppsFilter(  534): interaction: PackageSetting{accc557 com.geoloc.clientapp/10190} -> PackageSetting{cce6c02 com.google.mainline.adservices/10145} BLOCKED
10-20 08:59:02.239 I/AppsFilter(  534): interaction: PackageSetting{accc557 com.geoloc.clientapp/10190} -> PackageSetting{458c913 com.android.imsserviceentitlement/10124} BLOCKED
10-20 08:59:02.239 I/AppsFilter(  534): interaction: PackageSetting{accc557 com.geoloc.clientapp/10190} -> PackageSetting{ec39750 com.google.android.healthconnect.controller/10170} BLOCKED
10-20 08:59:02.239 I/AppsFilter(  534): interaction: PackageSetting{accc557 com.geoloc.clientapp/10190} -> PackageSetting{941fd49 com.android.internal.emulation.pixel_2_xl/10058} BLOCKED
10-20 08:59:02.239 I/AppsFilter(  534): interaction: PackageSetting{accc557 com.geoloc.clientapp/10190} -> PackageSetting{bbb464e com.android.internal.emulation.pixel_3_xl/10062} BLOCKED
10-20 08:59:02.239 I/AppsFilter(  534): interaction: PackageSetting{accc557 com.geoloc.clientapp/10190} -> PackageSetting{c7ce36f com.android.internal.emulation.pixel_4_xl/10036} BLOCKED
10-20 08:59:02.239 I/AppsFilter(  534): interaction: PackageSetting{accc557 com.geoloc.clientapp/10190} -> PackageSetting{552d87c com.android.internal.emulation.pixel_fold/10008} BLOCKED
10-20 08:59:02.240 I/AppsFilter(  534): interaction: PackageSetting{accc557 com.geoloc.clientapp/10190} -> PackageSetting{e242505 com.android.bookmarkprovider/10099} BLOCKED
10-20 08:59:02.240 I/AppsFilter(  534): interaction: PackageSetting{accc557 com.geoloc.clientapp/10190} -> PackageSetting{f89795a com.google.android.overlay.pixelconfigcommon/10038} BLOCKED
10-20 08:59:02.240 I/AppsFilter(  534): interaction: PackageSetting{accc557 com.geoloc.clientapp/10190} -> PackageSetting{61e478b com.android.systemui.accessibility.accessibilitymenu.auto_generated_rro_product__/10029} BLOCKED
10-20 08:59:02.240 I/AppsFilter(  534): interaction: PackageSetting{accc557 com.geoloc.clientapp/10190} -> PackageSetting{5330068 com.android.systemui.emulation.pixel_3a/10030} BLOCKED
10-20 08:59:02.240 I/AppsFilter(  534): interaction: PackageSetting{accc557 com.geoloc.clientapp/10190} -> PackageSetting{9470c81 com.android.systemui.emulation.pixel_4a/10010} BLOCKED
10-20 08:59:02.240 I/AppsFilter(  534): interaction: PackageSetting{accc557 com.geoloc.clientapp/10190} -> PackageSetting{5d5d126 com.android.systemui.emulation.pixel_6a/10033} BLOCKED
10-20 08:59:02.240 I/AppsFilter(  534): interaction: PackageSetting{accc557 com.geoloc.clientapp/10190} -> PackageSetting{b27d167 com.android.systemui.emulation.pixel_7a/10047} BLOCKED
10-20 08:59:02.240 I/AppsFilter(  534): interaction: PackageSetting{accc557 com.geoloc.clientapp/10190} -> PackageSetting{e6bbb14 com.google.android.settings.intelligence/10123} BLOCKED
10-20 08:59:02.240 I/AppsFilter(  534): interaction: PackageSetting{accc557 com.geoloc.clientapp/10190} -> PackageSetting{289075b com.google.android.projection.gearhead/10122} BLOCKED
10-20 08:59:02.240 I/AppsFilter(  534): interaction: PackageSetting{accc557 com.geoloc.clientapp/10190} -> PackageSetting{c56efbd com.google.android.uwb.resources/10168} BLOCKED
10-20 08:59:02.240 I/AppsFilter(  534): interaction: PackageSetting{accc557 com.geoloc.clientapp/10190} -> PackageSetting{ff80bf8 com.android.cts.ctsshim/10182} BLOCKED
10-20 08:59:02.240 I/AppsFilter(  534): interaction: PackageSetting{accc557 com.geoloc.clientapp/10190} -> PackageSetting{73dd9b2 com.google.android.wifi.resources/10177} BLOCKED
10-20 08:59:02.240 I/AppsFilter(  534): interaction: PackageSetting{accc557 com.geoloc.clientapp/10190} -> PackageSetting{f561d03 com.google.android.wifi.dialog/10179} BLOCKED
10-20 08:59:02.240 I/AppsFilter(  534): interaction: PackageSetting{accc557 com.geoloc.clientapp/10190} -> PackageSetting{7d37480 com.google.android.apps.wallpaper/10167} BLOCKED
10-20 08:59:02.240 I/AppsFilter(  534): interaction: PackageSetting{accc557 com.geoloc.clientapp/10190} -> PackageSetting{d87cab9 com.google.android.odad/10119} BLOCKED
10-20 08:59:02.240 I/AppsFilter(  534): interaction: PackageSetting{accc557 com.geoloc.clientapp/10190} -> PackageSetting{6abdefe com.android.settings.auto_generated_rro_product__/10070} BLOCKED
10-20 08:59:02.240 I/AppsFilter(  534): interaction: PackageSetting{accc557 com.geoloc.clientapp/10190} -> PackageSetting{b93865f com.android.internal.systemui.navbar.gestural/10045} BLOCKED
10-20 08:59:02.240 I/AppsFilter(  534): interaction: PackageSetting{accc557 com.geoloc.clientapp/10190} -> PackageSetting{d3b58ac com.google.android.apps.youtube.music/10153} BLOCKED
10-20 08:59:02.240 I/AppsFilter(  534): interaction: PackageSetting{accc557 com.geoloc.clientapp/10190} -> PackageSetting{8515975 com.android.bluetoothmidiservice/10104} BLOCKED
10-20 08:59:02.240 I/AppsFilter(  534): interaction: PackageSetting{accc557 com.geoloc.clientapp/10190} -> PackageSetting{962ed0a com.android.storagemanager.auto_generated_rro_product__/10071} BLOCKED
10-20 08:59:02.241 I/AppsFilter(  534): interaction: PackageSetting{accc557 com.geoloc.clientapp/10190} -> PackageSetting{314297b com.google.android.cellbroadcastreceiver/10176} BLOCKED
10-20 08:59:02.241 I/AppsFilter(  534): interaction: PackageSetting{accc557 com.geoloc.clientapp/10190} -> PackageSetting{45b5398 com.android.phone.auto_generated_rro_product__/10065} BLOCKED
10-20 08:59:02.241 I/AppsFilter(  534): interaction: PackageSetting{accc557 com.geoloc.clientapp/10190} -> PackageSetting{deb17f1 android.auto_generated_rro_product__/10046} BLOCKED
10-20 08:59:02.241 I/AppsFilter(  534): interaction: PackageSetting{accc557 com.geoloc.clientapp/10190} -> PackageSetting{3cacfd6 com.android.internal.systemui.navbar.gestural_narrow_back/10035} BLOCKED
10-20 08:59:02.241 I/AppsFilter(  534): interaction: PackageSetting{accc557 com.geoloc.clientapp/10190} -> PackageSetting{e31e257 com.google.android.inputmethod.latin/10154} BLOCKED
10-20 08:59:02.241 I/AppsFilter(  534): interaction: PackageSetting{accc557 com.geoloc.clientapp/10190} -> PackageSetting{47e1144 android.auto_generated_rro_vendor__/10075} BLOCKED
10-20 08:59:02.241 I/AppsFilter(  534): interaction: PackageSetting{accc557 com.geoloc.clientapp/10190} -> PackageSetting{188422d com.google.android.apps.restore/10120} BLOCKED
10-20 08:59:02.329 D/nativeloader(13826): Configuring clns-7 for other apk /data/app/~~XUm80OLO86iXdPoGRrJpww==/com.geoloc.clientapp-ztSirY0SaXpGRFYG6dswsQ==/base.apk. target_sdk_version=35, uses_libraries=, library_path=/data/app/~~XUm80OLO86iXdPoGRrJpww==/com.geoloc.clientapp-ztSirY0SaXpGRFYG6dswsQ==/lib/x86_64:/data/app/~~XUm80OLO86iXdPoGRrJpww==/com.geoloc.clientapp-ztSirY0SaXpGRFYG6dswsQ==/base.apk!/lib/x86_64, permitted_path=/data:/mnt/expand:/data/user/0/com.geoloc.clientapp
10-20 08:59:02.337 V/GraphicsEnvironment(13826): Currently set values for:
10-20 08:59:02.337 V/GraphicsEnvironment(13826):   angle_gl_driver_selection_pkgs=[]
10-20 08:59:02.337 V/GraphicsEnvironment(13826):   angle_gl_driver_selection_values=[]
10-20 08:59:02.337 V/GraphicsEnvironment(13826): ANGLE GameManagerService for com.geoloc.clientapp: false
10-20 08:59:02.337 V/GraphicsEnvironment(13826): com.geoloc.clientapp is not listed in per-application setting
10-20 08:59:02.337 V/GraphicsEnvironment(13826): Neither updatable production driver nor prerelease driver is supported.
10-20 08:59:02.343 D/CompatibilityChangeReporter(  534): Compat change id reported: 161145287; UID 10190; state: ENABLED
10-20 08:59:02.344 D/DOTNET  (13826): AndroidCryptoNative_InitLibraryOnLoad: jint AndroidCryptoNative_InitLibraryOnLoad(JavaVM *, void *) in /__w/1/s/src/native/libs/System.Security.Cryptography.Native.Android/pal_jni.c
10-20 08:59:02.345 D/DOTNET  (13826): GetOptionalClassGRef: optional class com/android/org/conscrypt/OpenSSLEngineImpl was not found
10-20 08:59:02.348 W/monodroid(13826): Failed to create directory '/data/user/0/com.geoloc.clientapp/files/.__override__/x86_64'. No such file or directory
10-20 08:59:02.348 W/monodroid(13826): Creating public update directory: `/data/user/0/com.geoloc.clientapp/files/.__override__/x86_64`
10-20 08:59:02.348 W/eoloc.clientapp(13826): Attempt to remove non-JNI local reference
10-20 08:59:02.348 W/monodroid(13826): runtime args empty
10-20 08:59:02.350 W/monodroid-assembly(13826): Unable to open app library directory '/data/user/0/com.geoloc.clientapp/files/.__override__/x86_64': No such file or directory
10-20 08:59:02.421 W/eoloc.clientapp(13826): Attempt to remove non-JNI local reference
10-20 08:59:02.483 D/EGL_emulation(  911): app_time_stats: avg=368.45ms min=13.94ms max=14467.54ms count=41
10-20 08:59:02.499 V/WindowManagerShell(  911): Transition animation finished (aborted=false), notifying core (#38)android.os.BinderProxy@c53f928@0
10-20 08:59:02.500 V/WindowManager(  534): Finish Transition #38: created at 10-20 08:59:02.102 collect-started=0.039ms request-sent=7.5ms started=9.969ms ready=93.373ms sent=94.961ms finished=397.676ms
10-20 08:59:02.502 V/WindowManagerShell(  911): Track 0 became idle
10-20 08:59:02.502 V/WindowManagerShell(  911): All active transition animations finished
10-20 08:59:02.519 D/AutofillManager( 1177): view is not autofillable - activity denied for autofill
10-20 08:59:02.982 I/eoloc.clientapp(13826): Explicit concurrent copying GC freed 9246(632KB) AllocSpace objects, 0(0B) LOS objects, 49% free, 2252KB/4505KB, paused 259us,178us total 3.390ms
10-20 08:59:03.210 I/ActivityManager(  534): Flag disabled. Ignoring finishAttachApplication from uid: 10190. pid: 13826
10-20 08:59:03.217 D/libEGL  (13826): loaded /vendor/lib64/egl/libEGL_emulation.so
10-20 08:59:03.220 D/libEGL  (13826): loaded /vendor/lib64/egl/libGLESv1_CM_emulation.so
10-20 08:59:03.222 D/libEGL  (13826): loaded /vendor/lib64/egl/libGLESv2_emulation.so
