10-20 08:58:43.729 I/AppsFilter(  534): interaction: PackageSetting{a610de8 com.geoloc.clientapp/10190} -> PackageSetting{bbb464e com.android.internal.emulation.pixel_3_xl/10062} BLOCKED
10-20 08:58:43.729 I/AppsFilter(  534): interaction: PackageSetting{a610de8 com.geoloc.clientapp/10190} -> PackageSetting{c7ce36f com.android.internal.emulation.pixel_4_xl/10036} BLOCKED
10-20 08:58:43.729 I/AppsFilter(  534): interaction: PackageSetting{a610de8 com.geoloc.clientapp/10190} -> PackageSetting{552d87c com.android.internal.emulation.pixel_fold/10008} BLOCKED
10-20 08:58:43.729 I/AppsFilter(  534): interaction: PackageSetting{a610de8 com.geoloc.clientapp/10190} -> PackageSetting{e242505 com.android.bookmarkprovider/10099} BLOCKED
10-20 08:58:43.729 I/AppsFilter(  534): interaction: PackageSetting{a610de8 com.geoloc.clientapp/10190} -> PackageSetting{f89795a com.google.android.overlay.pixelconfigcommon/10038} BLOCKED
10-20 08:58:43.729 I/AppsFilter(  534): interaction: PackageSetting{a610de8 com.geoloc.clientapp/10190} -> PackageSetting{61e478b com.android.systemui.accessibility.accessibilitymenu.auto_generated_rro_product__/10029} BLOCKED
10-20 08:58:43.730 I/AppsFilter(  534): interaction: PackageSetting{a610de8 com.geoloc.clientapp/10190} -> PackageSetting{5330068 com.android.systemui.emulation.pixel_3a/10030} BLOCKED
10-20 08:58:43.730 I/AppsFilter(  534): interaction: PackageSetting{a610de8 com.geoloc.clientapp/10190} -> PackageSetting{9470c81 com.android.systemui.emulation.pixel_4a/10010} BLOCKED
10-20 08:58:43.730 I/AppsFilter(  534): interaction: PackageSetting{a610de8 com.geoloc.clientapp/10190} -> PackageSetting{5d5d126 com.android.systemui.emulation.pixel_6a/10033} BLOCKED
10-20 08:58:43.730 I/AppsFilter(  534): interaction: PackageSetting{a610de8 com.geoloc.clientapp/10190} -> PackageSetting{b27d167 com.android.systemui.emulation.pixel_7a/10047} BLOCKED
10-20 08:58:43.730 I/AppsFilter(  534): interaction: PackageSetting{a610de8 com.geoloc.clientapp/10190} -> PackageSetting{e6bbb14 com.google.android.settings.intelligence/10123} BLOCKED
10-20 08:58:43.730 I/AppsFilter(  534): interaction: PackageSetting{a610de8 com.geoloc.clientapp/10190} -> PackageSetting{289075b com.google.android.projection.gearhead/10122} BLOCKED
10-20 08:58:43.730 I/AppsFilter(  534): interaction: PackageSetting{a610de8 com.geoloc.clientapp/10190} -> PackageSetting{c56efbd com.google.android.uwb.resources/10168} BLOCKED
10-20 08:58:43.730 I/AppsFilter(  534): interaction: PackageSetting{a610de8 com.geoloc.clientapp/10190} -> PackageSetting{ff80bf8 com.android.cts.ctsshim/10182} BLOCKED
10-20 08:58:43.730 I/AppsFilter(  534): interaction: PackageSetting{a610de8 com.geoloc.clientapp/10190} -> PackageSetting{73dd9b2 com.google.android.wifi.resources/10177} BLOCKED
10-20 08:58:43.730 I/AppsFilter(  534): interaction: PackageSetting{a610de8 com.geoloc.clientapp/10190} -> PackageSetting{f561d03 com.google.android.wifi.dialog/10179} BLOCKED
10-20 08:58:43.730 I/AppsFilter(  534): interaction: PackageSetting{a610de8 com.geoloc.clientapp/10190} -> PackageSetting{7d37480 com.google.android.apps.wallpaper/10167} BLOCKED
10-20 08:58:43.730 I/AppsFilter(  534): interaction: PackageSetting{a610de8 com.geoloc.clientapp/10190} -> PackageSetting{d87cab9 com.google.android.odad/10119} BLOCKED
10-20 08:58:43.730 I/AppsFilter(  534): interaction: PackageSetting{a610de8 com.geoloc.clientapp/10190} -> PackageSetting{6abdefe com.android.settings.auto_generated_rro_product__/10070} BLOCKED
10-20 08:58:43.730 I/AppsFilter(  534): interaction: PackageSetting{a610de8 com.geoloc.clientapp/10190} -> PackageSetting{b93865f com.android.internal.systemui.navbar.gestural/10045} BLOCKED
10-20 08:58:43.730 I/AppsFilter(  534): interaction: PackageSetting{a610de8 com.geoloc.clientapp/10190} -> PackageSetting{d3b58ac com.google.android.apps.youtube.music/10153} BLOCKED
10-20 08:58:43.730 I/AppsFilter(  534): interaction: PackageSetting{a610de8 com.geoloc.clientapp/10190} -> PackageSetting{8515975 com.android.bluetoothmidiservice/10104} BLOCKED
10-20 08:58:43.730 I/AppsFilter(  534): interaction: PackageSetting{a610de8 com.geoloc.clientapp/10190} -> PackageSetting{962ed0a com.android.storagemanager.auto_generated_rro_product__/10071} BLOCKED
10-20 08:58:43.730 I/AppsFilter(  534): interaction: PackageSetting{a610de8 com.geoloc.clientapp/10190} -> PackageSetting{314297b com.google.android.cellbroadcastreceiver/10176} BLOCKED
10-20 08:58:43.730 I/AppsFilter(  534): interaction: PackageSetting{a610de8 com.geoloc.clientapp/10190} -> PackageSetting{45b5398 com.android.phone.auto_generated_rro_product__/10065} BLOCKED
10-20 08:58:43.730 I/AppsFilter(  534): interaction: PackageSetting{a610de8 com.geoloc.clientapp/10190} -> PackageSetting{deb17f1 android.auto_generated_rro_product__/10046} BLOCKED
10-20 08:58:43.730 I/AppsFilter(  534): interaction: PackageSetting{a610de8 com.geoloc.clientapp/10190} -> PackageSetting{3cacfd6 com.android.internal.systemui.navbar.gestural_narrow_back/10035} BLOCKED
10-20 08:58:43.730 I/AppsFilter(  534): interaction: PackageSetting{a610de8 com.geoloc.clientapp/10190} -> PackageSetting{e31e257 com.google.android.inputmethod.latin/10154} BLOCKED
10-20 08:58:43.730 I/AppsFilter(  534): interaction: PackageSetting{a610de8 com.geoloc.clientapp/10190} -> PackageSetting{47e1144 android.auto_generated_rro_vendor__/10075} BLOCKED
10-20 08:58:43.730 I/AppsFilter(  534): interaction: PackageSetting{a610de8 com.geoloc.clientapp/10190} -> PackageSetting{188422d com.google.android.apps.restore/10120} BLOCKED
10-20 08:58:43.747 I/Google Android Maps SDK(13748): Google Play services client version: 12451000
10-20 08:58:43.780 D/CompatibilityChangeReporter(  534): Compat change id reported: 261072174; UID 10190; state: ENABLED
10-20 08:58:43.793 W/eoloc.clientapp(13748): Accessing hidden method Ldalvik/system/VMStack;->getStackClass2()Ljava/lang/Class; (unsupported, reflection, allowed)
10-20 08:58:43.795 D/CompatibilityChangeReporter(13748): Compat change id reported: 183155436; UID 10190; state: ENABLED
10-20 08:58:43.825 D/bo      (13748): SDK type: 1, version: 253425402
10-20 08:58:43.840 D/hp      (13748): maps_core_dynamite module version in use (0 represents standalone library): 253425402
10-20 08:58:43.842 D/hp      (13748): Added event: 109
10-20 08:58:43.842 D/hp      (13748): Added event: 112
10-20 08:58:43.842 D/MapsInitializer(13748): loadedRenderer: LATEST
10-20 08:58:43.891 I/eoloc.clientapp(13748): Explicit concurrent copying GC freed 5423(705KB) AllocSpace objects, 0(0B) LOS objects, 49% free, 3099KB/6199KB, paused 243us,34us total 4.236ms
10-20 08:58:43.983 D/EGL_emulation(  911): app_time_stats: avg=16.40ms min=12.25ms max=33.21ms count=59
10-20 08:58:44.101 W/eoloc.clientapp(13748): Accessing hidden method Landroid/view/View;->computeFitSystemWindows(Landroid/graphics/Rect;Landroid/graphics/Rect;)Z (unsupported, reflection, allowed)
10-20 08:58:44.101 W/eoloc.clientapp(13748): Accessing hidden method Landroid/view/ViewGroup;->makeOptionalFitsSystemWindows()V (unsupported, reflection, allowed)
10-20 08:58:44.240 D/CompatibilityChangeReporter(13748): Compat change id reported: 171228096; UID 10190; state: ENABLED
10-20 08:58:44.243 W/TabLayout(13748): MODE_SCROLLABLE + GRAVITY_FILL is not supported, GRAVITY_START will be used instead
10-20 08:58:44.296 D/CompatibilityChangeReporter(13748): Compat change id reported: 210923482; UID 10190; state: ENABLED
10-20 08:58:44.464 D/CompatibilityChangeReporter(13748): Compat change id reported: 237531167; UID 10190; state: DISABLED
10-20 08:58:44.465 W/OpenGLRenderer(13748): Unknown dataspace 0
10-20 08:58:44.470 I/Choreographer(13748): Skipped 96 frames!  The application may be doing too much work on its main thread.
10-20 08:58:44.478 D/CoreBackPreview(  534): Window{8a6dbbf u0 com.geoloc.clientapp/crc641440c5aeb5906f31.MainActivity}: Setting back callback OnBackInvokedCallbackInfo{mCallback=android.window.IOnBackInvokedCallback$Stub$Proxy@aa0c9ea, mPriority=0, mIsAnimationCallback=false}
10-20 08:58:44.496 W/OpenGLRenderer(13748): Failed to choose config with EGL_SWAP_BEHAVIOR_PRESERVED, retrying without...
10-20 08:58:44.496 W/OpenGLRenderer(13748): Failed to initialize 101010-2 format, error = EGL_SUCCESS
10-20 08:58:44.532 I/hwservicemanager(  160): getTransport: Cannot find entry android.hardware.graphics.mapper@4.0::IMapper/default in either framework or device VINTF manifest.
10-20 08:58:44.532 I/Gralloc4(13748): mapper 4.x is not supported
10-20 08:58:44.547 E/OpenGLRenderer(13748): Unable to match the desired swap behavior.
10-20 08:58:44.666 W/ziparchive(  534): Unable to open '/data/app/~~XUm80OLO86iXdPoGRrJpww==/com.geoloc.clientapp-ztSirY0SaXpGRFYG6dswsQ==/base.dm': No such file or directory
10-20 08:58:44.666 I/ActivityTaskManager(  534): Displayed com.geoloc.clientapp/crc641440c5aeb5906f31.MainActivity for user 0: +2s146ms
10-20 08:58:44.674 I/PhenotypeResourceReader( 9408): unable to find any Phenotype resource metadata for com.geoloc.clientapp
10-20 08:58:44.684 I/OpenGLRenderer(13748): Davey! duration=1807ms; Flags=1, FrameTimelineVsyncId=921702, IntendedVsync=3486426334670, Vsync=3488026334606, InputEventId=0, HandleInputStart=3488033074200, AnimationStart=3488033090300, PerformTraversalsStart=3488033598700, DrawStart=3488187985100, FrameDeadline=3486443001336, FrameInterval=3488032792200, FrameStartTime=16666666, SyncQueued=3488203599400, SyncStart=3488203971100, IssueDrawCommandsStart=3488204442800, SwapBuffers=3488225882600, FrameCompleted=3488233975100, DequeueBufferDuration=15800, QueueBufferDuration=183800, GpuCompleted=3488233975100, SwapBuffersCompleted=3488226598400, DisplayPresentTime=34359738536, CommandSubmissionCompleted=3488225882600, 
10-20 08:58:44.688 D/CompatibilityChangeReporter(  534): Compat change id reported: 214016041; UID 10190; state: ENABLED
10-20 08:58:44.688 I/ImeTracker(  534): com.geoloc.clientapp:fdc4debb: onRequestHide at ORIGIN_SERVER_HIDE_INPUT reason HIDE_UNSPECIFIED_WINDOW
10-20 08:58:44.689 I/ImeTracker(  534): com.geoloc.clientapp:fdc4debb: onCancelled at PHASE_SERVER_SHOULD_HIDE
10-20 08:58:44.690 I/GoogleInputMethodService( 8716): GoogleInputMethodService.onFinishInput():3227 
10-20 08:58:44.691 I/GoogleInputMethodService( 8716): GoogleInputMethodService.updateDeviceLockedStatus():2087 repeatCheckTimes = 0, unlocked = true
10-20 08:58:44.691 I/GoogleInputMethodService( 8716): GoogleInputMethodService.onStartInput():1877 onStartInput(EditorInfo{inputType=0x0(NULL) imeOptions=0x0 privateImeOptions=null actionName=UNSPECIFIED actionLabel=null actionId=0 initialSelStart=-1 initialSelEnd=-1 initialCapsMode=0x0 hintText=null label=null packageName=com.geoloc.clientapp fieldId=0 fieldName=null extras=null}, false)
10-20 08:58:44.691 I/GoogleInputMethodService( 8716): GoogleInputMethodService.shouldHideHeaderOnInitialState():4008 ShouldHideHeaderOnInitialState = false
10-20 08:58:44.691 I/GoogleInputMethodService( 8716): GoogleInputMethodService.updateDeviceLockedStatus():2087 repeatCheckTimes = 2, unlocked = true
10-20 08:58:44.721 D/OneSearchSuggestProvider( 1177): Shut down the binder channel
10-20 08:58:44.722 I/IPCThreadState( 1177): oneway function results for code 2 on binder at 0x7e7d63830a30 will be dropped but finished with status UNKNOWN_TRANSACTION
10-20 08:58:44.725 I/ImeTracker( 1177): com.google.android.apps.nexuslauncher:476baf1e: onRequestHide at ORIGIN_CLIENT_HIDE_SOFT_INPUT reason HIDE_SOFT_INPUT
10-20 08:58:44.725 I/ImeTracker( 1177): com.google.android.apps.nexuslauncher:476baf1e: onFailed at PHASE_CLIENT_VIEW_SERVED
10-20 08:58:44.972 I/FontLog ( 9408): (REDACTED) Received query %s, URI %s
10-20 08:58:44.972 I/FontLog ( 9408): (REDACTED) Query [%s] resolved to %s
10-20 08:58:44.973 I/FontLog ( 9408): (REDACTED) Fetch %s end status %s
10-20 08:58:44.975 I/FontLog ( 9408): (REDACTED) Pulling font file for id = %d, cache size = %d
10-20 08:58:44.978 I/FontLog ( 9408): (REDACTED) Pulling font file for id = %d, cache size = %d
10-20 08:58:45.036 W/WindowOnBackDispatcher(  911): sendCancelIfRunning: isInProgress=falsecallback=android.view.ViewRootImpl$$ExternalSyntheticLambda17@53355aa
10-20 08:58:45.036 D/CoreBackPreview(  534): Window{8704cc9 u0 Splash Screen com.geoloc.clientapp EXITING}: Setting back callback null
10-20 08:58:45.037 W/InputManager-JNI(  534): Input channel object '8704cc9 Splash Screen com.geoloc.clientapp (client)' was disposed without first being removed with the input manager!
--------- beginning of crash
10-20 08:58:45.847 E/AndroidRuntime(13748): FATAL EXCEPTION: androidmapsapi-ula-1
10-20 08:58:45.847 E/AndroidRuntime(13748): Process: com.geoloc.clientapp, PID: 13748
10-20 08:58:45.847 E/AndroidRuntime(13748): java.lang.IllegalStateException: API key not found.  Check that <meta-data android:name="com.google.android.geo.API_KEY" android:value="your API key"/> is in the <application> element of AndroidManifest.xml
10-20 08:58:45.847 E/AndroidRuntime(13748): 	at com.google.maps.api.android.lib6.common.g.b(:com.google.android.gms.policy_maps_core_dynamite@253425407@253425402032.797495247.797495247:117)
10-20 08:58:45.847 E/AndroidRuntime(13748): 	at com.google.maps.api.android.lib6.impl.hr.run(:com.google.android.gms.policy_maps_core_dynamite@253425407@253425402032.797495247.797495247:586)
10-20 08:58:45.847 E/AndroidRuntime(13748): 	at java.util.concurrent.ThreadPoolExecutor.runWorker(ThreadPoolExecutor.java:1145)
10-20 08:58:45.847 E/AndroidRuntime(13748): 	at java.util.concurrent.ThreadPoolExecutor$Worker.run(ThreadPoolExecutor.java:644)
10-20 08:58:45.847 E/AndroidRuntime(13748): 	at java.lang.Thread.run(Thread.java:1012)
10-20 08:58:45.847 F/libc    (13748): Fatal signal 11 (SIGSEGV), code 1 (SEGV_MAPERR), fault addr 0x78 in tid 13779 (androidmapsapi-), pid 13748 (eoloc.clientapp)
10-20 08:58:45.874 I/crash_dump64(13794): obtaining output fd from tombstoned, type: kDebuggerdTombstoneProto
10-20 08:58:45.875 I/tombstoned(  223): received crash request for pid 13779
10-20 08:58:45.875 I/crash_dump64(13794): performing dump of process 13748 (target tid = 13779)
10-20 08:58:45.989 F/DEBUG   (13794): *** *** *** *** *** *** *** *** *** *** *** *** *** *** *** ***
10-20 08:58:45.989 F/DEBUG   (13794): Build fingerprint: 'google/sdk_gphone64_x86_64/emu64xa:14/UE1A.230829.036.A4/12096271:user/release-keys'
10-20 08:58:45.989 F/DEBUG   (13794): Revision: '0'
10-20 08:58:45.989 F/DEBUG   (13794): ABI: 'x86_64'
10-20 08:58:45.989 F/DEBUG   (13794): Timestamp: 2025-10-20 08:58:45.877956100+0000
10-20 08:58:45.989 F/DEBUG   (13794): Process uptime: 4s
10-20 08:58:45.989 F/DEBUG   (13794): Cmdline: com.geoloc.clientapp
10-20 08:58:45.990 F/DEBUG   (13794): pid: 13748, tid: 13779, name: androidmapsapi-  >>> com.geoloc.clientapp <<<
10-20 08:58:45.990 F/DEBUG   (13794): uid: 10190
10-20 08:58:45.990 F/DEBUG   (13794): signal 11 (SIGSEGV), code 1 (SEGV_MAPERR), fault addr 0x0000000000000078
10-20 08:58:45.990 F/DEBUG   (13794): Cause: null pointer dereference
10-20 08:58:45.990 F/DEBUG   (13794):     rax 00007e7cbd4e1d80  rbx 00007e7cbd4e1de0  rcx 0000000000000001  rdx 0000000000000001
10-20 08:58:45.990 F/DEBUG   (13794):     r8  00007e7e00000001  r9  0000000400000004  r10 fffffffffffff966  r11 00007e7fe74d81f0
10-20 08:58:45.990 F/DEBUG   (13794):     r12 00007e7cbd4e1d80  r13 00007e7ea3867c10  r14 0000000000000060  r15 0000000000000000
10-20 08:58:45.990 F/DEBUG   (13794):     rdi 00007e7cbd4e1d80  rsi 00007e7cbd4e1de0
10-20 08:58:45.990 F/DEBUG   (13794):     rbp 00007e7cbd4e1db0  rsp 00007e7cbd4e1d70  rip 00007e7cc7a656fd
10-20 08:58:45.990 F/DEBUG   (13794): 28 total frames
10-20 08:58:45.990 F/DEBUG   (13794): backtrace:
10-20 08:58:45.990 F/DEBUG   (13794):       #00 pc 00000000002116fd  /data/app/~~XUm80OLO86iXdPoGRrJpww==/com.geoloc.clientapp-ztSirY0SaXpGRFYG6dswsQ==/lib/x86_64/libmonosgen-2.0.so (BuildId: b4845e3f94890e62328505fc1f38fd33cd5a9cc1)
10-20 08:58:45.990 F/DEBUG   (13794):       #01 pc 0000000000211584  /data/app/~~XUm80OLO86iXdPoGRrJpww==/com.geoloc.clientapp-ztSirY0SaXpGRFYG6dswsQ==/lib/x86_64/libmonosgen-2.0.so (BuildId: b4845e3f94890e62328505fc1f38fd33cd5a9cc1)
10-20 08:58:45.990 F/DEBUG   (13794):       #02 pc 000000000021aad0  /data/app/~~XUm80OLO86iXdPoGRrJpww==/com.geoloc.clientapp-ztSirY0SaXpGRFYG6dswsQ==/lib/x86_64/libmonosgen-2.0.so (mono_assembly_name_new+32) (BuildId: b4845e3f94890e62328505fc1f38fd33cd5a9cc1)
10-20 08:58:45.990 F/DEBUG   (13794):       #03 pc 000000000005f0e8  /data/app/~~XUm80OLO86iXdPoGRrJpww==/com.geoloc.clientapp-ztSirY0SaXpGRFYG6dswsQ==/lib/x86_64/libmonodroid.so (xamarin::android::Util::monodroid_load_assembly(void*, char const*)+40) (BuildId: 1589268ccebca8f7eedc107e4fddcde8c91f0595)
10-20 08:58:45.990 F/DEBUG   (13794):       #04 pc 000000000003da0b  /data/app/~~XUm80OLO86iXdPoGRrJpww==/com.geoloc.clientapp-ztSirY0SaXpGRFYG6dswsQ==/lib/x86_64/libmonodroid.so (Java_mono_android_Runtime_propagateUncaughtException+59) (BuildId: 1589268ccebca8f7eedc107e4fddcde8c91f0595)
10-20 08:58:45.990 F/DEBUG   (13794):       #05 pc 0000000000391a4b  /apex/com.android.art/lib64/libart.so (art_quick_generic_jni_trampoline+219) (BuildId: b6dc79e02101ea00827a35a55ab6597a)
10-20 08:58:45.990 F/DEBUG   (13794):       #06 pc 0000000000378826  /apex/com.android.art/lib64/libart.so (art_quick_invoke_static_stub+806) (BuildId: b6dc79e02101ea00827a35a55ab6597a)
10-20 08:58:45.990 F/DEBUG   (13794):       #07 pc 00000000003c538f  /apex/com.android.art/lib64/libart.so (art::ArtMethod::Invoke(art::Thread*, unsigned int*, unsigned int, art::JValue*, char const*)+255) (BuildId: b6dc79e02101ea00827a35a55ab6597a)
10-20 08:58:45.990 F/DEBUG   (13794):       #08 pc 000000000056ddd0  /apex/com.android.art/lib64/libart.so (bool art::interpreter::DoCall<false>(art::ArtMethod*, art::Thread*, art::ShadowFrame&, art::Instruction const*, unsigned short, bool, art::JValue*)+2080) (BuildId: b6dc79e02101ea00827a35a55ab6597a)
10-20 08:58:45.990 F/DEBUG   (13794):       #09 pc 000000000039b0a1  /apex/com.android.art/lib64/libart.so (void art::interpreter::ExecuteSwitchImplCpp<false>(art::interpreter::SwitchImplContext*)+17169) (BuildId: b6dc79e02101ea00827a35a55ab6597a)
10-20 08:58:45.990 F/DEBUG   (13794):       #10 pc 00000000003937a5  /apex/com.android.art/lib64/libart.so (ExecuteSwitchImplAsm+5) (BuildId: b6dc79e02101ea00827a35a55ab6597a)
10-20 08:58:45.990 F/DEBUG   (13794):       #11 pc 0000000000319ae0  <anonymous:7e7ccbe7e000> (mono.android.XamarinUncaughtExceptionHandler.uncaughtException+0)
10-20 08:58:45.990 F/DEBUG   (13794):       #12 pc 0000000000566017  /apex/com.android.art/lib64/libart.so (art::interpreter::Execute(art::Thread*, art::CodeItemDataAccessor const&, art::ShadowFrame&, art::JValue, bool, bool) (.__uniq.112435418011751916792819755956732575238)+647) (BuildId: b6dc79e02101ea00827a35a55ab6597a)
10-20 08:58:45.990 F/DEBUG   (13794):       #13 pc 000000000091f056  /apex/com.android.art/lib64/libart.so (artQuickToInterpreterBridge+902) (BuildId: b6dc79e02101ea00827a35a55ab6597a)
10-20 08:58:45.990 F/DEBUG   (13794):       #14 pc 0000000000391bdc  /apex/com.android.art/lib64/libart.so (art_quick_to_interpreter_bridge+140) (BuildId: b6dc79e02101ea00827a35a55ab6597a)
10-20 08:58:45.990 F/DEBUG   (13794):       #15 pc 000000000037084a  /apex/com.android.art/lib64/libart.so (nterp_helper+7258) (BuildId: b6dc79e02101ea00827a35a55ab6597a)
10-20 08:58:45.990 F/DEBUG   (13794):       #16 pc 000000000010d974  /apex/com.android.art/javalib/core-oj.jar (java.lang.ThreadGroup.uncaughtException+28)
10-20 08:58:45.990 F/DEBUG   (13794):       #17 pc 000000000036fa88  /apex/com.android.art/lib64/libart.so (nterp_helper+3736) (BuildId: b6dc79e02101ea00827a35a55ab6597a)
10-20 08:58:45.990 F/DEBUG   (13794):       #18 pc 000000000010d960  /apex/com.android.art/javalib/core-oj.jar (java.lang.ThreadGroup.uncaughtException+8)
10-20 08:58:45.990 F/DEBUG   (13794):       #19 pc 00000000003707e5  /apex/com.android.art/lib64/libart.so (nterp_helper+7157) (BuildId: b6dc79e02101ea00827a35a55ab6597a)
10-20 08:58:45.990 F/DEBUG   (13794):       #20 pc 000000000010eb2e  /apex/com.android.art/javalib/core-oj.jar (java.lang.Thread.dispatchUncaughtException+30)
10-20 08:58:45.990 F/DEBUG   (13794):       #21 pc 00000000003784c4  /apex/com.android.art/lib64/libart.so (art_quick_invoke_stub+756) (BuildId: b6dc79e02101ea00827a35a55ab6597a)
10-20 08:58:45.990 F/DEBUG   (13794):       #22 pc 00000000003c535c  /apex/com.android.art/lib64/libart.so (art::ArtMethod::Invoke(art::Thread*, unsigned int*, unsigned int, art::JValue*, char const*)+204) (BuildId: b6dc79e02101ea00827a35a55ab6597a)
10-20 08:58:45.990 F/DEBUG   (13794):       #23 pc 000000000086369a  /apex/com.android.art/lib64/libart.so (art::Thread::Destroy(bool)+2282) (BuildId: b6dc79e02101ea00827a35a55ab6597a)
10-20 08:58:45.990 F/DEBUG   (13794):       #24 pc 000000000087bfd5  /apex/com.android.art/lib64/libart.so (art::ThreadList::Unregister(art::Thread*, bool)+149) (BuildId: b6dc79e02101ea00827a35a55ab6597a)
10-20 08:58:45.990 F/DEBUG   (13794):       #25 pc 00000000008534ca  /apex/com.android.art/lib64/libart.so (art::Thread::CreateCallback(void*)+2362) (BuildId: b6dc79e02101ea00827a35a55ab6597a)
10-20 08:58:45.990 F/DEBUG   (13794):       #26 pc 00000000000cd06a  /apex/com.android.runtime/lib64/bionic/libc.so (__pthread_start(void*)+58) (BuildId: fa337969c798946280caa45e2d71a2e7)
10-20 08:58:45.990 F/DEBUG   (13794):       #27 pc 0000000000062d88  /apex/com.android.runtime/lib64/bionic/libc.so (__start_thread+56) (BuildId: fa337969c798946280caa45e2d71a2e7)
10-20 08:58:45.999 E/ActivityManager(  534): App crashed on incremental package com.geoloc.clientapp which is 100% loaded.
10-20 08:58:45.999 E/tombstoned(  223): Tombstone written to: tombstone_06
10-20 08:58:46.000 W/ActivityTaskManager(  534):   Force finishing activity com.geoloc.clientapp/crc641440c5aeb5906f31.MainActivity
10-20 08:58:46.001 V/WindowManagerShell(  911): Transition requested: android.os.BinderProxy@32a03bd TransitionRequestInfo { type = CLOSE, triggerTask = null, remoteTransition = null, displayChange = null }
10-20 08:58:46.031 I/WindowManager(  534): WIN DEATH: Window{8a6dbbf u0 com.geoloc.clientapp/crc641440c5aeb5906f31.MainActivity}
10-20 08:58:46.031 W/InputManager-JNI(  534): Input channel object '8a6dbbf com.geoloc.clientapp/crc641440c5aeb5906f31.MainActivity (client)' was disposed without first being removed with the input manager!
10-20 08:58:46.031 I/ImeTracker(  534): com.geoloc.clientapp:7003d8bb: onRequestHide at ORIGIN_SERVER_HIDE_INPUT reason HIDE_REMOVE_CLIENT
10-20 08:58:46.031 I/ImeTracker(  534): com.geoloc.clientapp:7003d8bb: onCancelled at PHASE_SERVER_SHOULD_HIDE
10-20 08:58:46.032 V/WindowManager(  534): Unknown focus tokens, dropping reportFocusChanged
10-20 08:58:46.032 I/Zygote  (  364): Process 13748 exited due to signal 11 (Segmentation fault)
10-20 08:58:46.032 I/libprocessgroup(  534): Successfully killed process cgroup uid 10190 pid 13748 in 0ms
10-20 08:58:46.032 I/ActivityManager(  534): Process com.geoloc.clientapp (pid 13748) has died: fg  TOP 
10-20 08:58:46.033 D/DisplayManagerService(  534): Drop pending events for gone uid 10190
10-20 08:58:46.042 W/AppSearchIcing(  534): icing-search-engine.cc:283: Error: 5, Message: Document (com.google.android.googlequicksearchbox$OneSearchZeroStateGoogleSuggestions/default, zp) not found.
10-20 08:58:46.043 D/QuickstepModelDelegate( 1177): notifyAppTargetEvent action=1 launchLocation=
10-20 08:58:46.047 E/OneSearchSuggestProvider( 1177): Failed to fetch suggestions from AppSearch, fallback to AGA
10-20 08:58:46.047 E/OneSearchSuggestProvider( 1177): java.util.concurrent.CompletionException: java.util.NoSuchElementException: No value present
10-20 08:58:46.047 E/OneSearchSuggestProvider( 1177): 	at java.util.concurrent.CompletableFuture.encodeThrowable(CompletableFuture.java:308)
10-20 08:58:46.047 E/OneSearchSuggestProvider( 1177): 	at java.util.concurrent.CompletableFuture.completeThrowable(CompletableFuture.java:323)
10-20 08:58:46.047 E/OneSearchSuggestProvider( 1177): 	at java.util.concurrent.CompletableFuture$UniAccept.tryFire(CompletableFuture.java:684)
10-20 08:58:46.047 E/OneSearchSuggestProvider( 1177): 	at java.util.concurrent.CompletableFuture.postComplete(CompletableFuture.java:486)
10-20 08:58:46.047 E/OneSearchSuggestProvider( 1177): 	at java.util.concurrent.CompletableFuture.completeExceptionally(CompletableFuture.java:2138)
10-20 08:58:46.047 E/OneSearchSuggestProvider( 1177): 	at com.google.android.apps.nexuslauncher.allapps.H0.onResult(Unknown Source:59)
10-20 08:58:46.047 E/OneSearchSuggestProvider( 1177): 	at android.app.appsearch.SearchSessionUtil$1.lambda$onResult$0(SearchSessionUtil.java:129)
10-20 08:58:46.047 E/OneSearchSuggestProvider( 1177): 	at android.app.appsearch.SearchSessionUtil$1.$r8$lambda$_nlk9WiPjSfaAsqKYmp0aPvSRC0(SearchSessionUtil.java:1)
10-20 08:58:46.047 E/OneSearchSuggestProvider( 1177): 	at android.app.appsearch.SearchSessionUtil$1$$ExternalSyntheticLambda0.run(R8$$SyntheticClass:13)
10-20 08:58:46.047 E/OneSearchSuggestProvider( 1177): 	at android.os.Handler.handleCallback(Handler.java:958)
10-20 08:58:46.047 E/OneSearchSuggestProvider( 1177): 	at android.os.Handler.dispatchMessage(Handler.java:99)
10-20 08:58:46.047 E/OneSearchSuggestProvider( 1177): 	at android.os.Looper.loopOnce(Looper.java:205)
10-20 08:58:46.047 E/OneSearchSuggestProvider( 1177): 	at android.os.Looper.loop(Looper.java:294)
10-20 08:58:46.047 E/OneSearchSuggestProvider( 1177): 	at android.os.HandlerThread.run(HandlerThread.java:67)
10-20 08:58:46.047 E/OneSearchSuggestProvider( 1177): Caused by: java.util.NoSuchElementException: No value present
10-20 08:58:46.047 E/OneSearchSuggestProvider( 1177): 	at java.util.Optional.get(Optional.java:144)
10-20 08:58:46.047 E/OneSearchSuggestProvider( 1177): 	at com.google.android.apps.nexuslauncher.allapps.H0.onResult(Unknown Source:16)
10-20 08:58:46.047 E/OneSearchSuggestProvider( 1177): 	... 8 more
10-20 08:58:46.048 D/AutofillManager( 1177): view is not autofillable - activity denied for autofill
10-20 08:58:46.051 I/BpBinder(  419): onLastStrongRef automatically unlinking death recipients: 
10-20 08:58:46.052 D/OneSearchSuggestProvider( 1177): Created the binder channel successfully for end point service =com.google.android.apps.search.googleapp.search.suggest.plugins.onesearch.server.OneSearchSuggestService , mChannel=z1{delegate=s1{logId=54, target=directaddress:///AndroidComponentAddress%5BIntent%20%7B%20act=grpc.io.action.BIND%20cmp=com.google.android.googlequicksearchbox/com.google.android.apps.search.googleapp.search.suggest.plugins.onesearch.server.OneSearchSuggestService%20%7D%5D}} , mOneSearchConnection=X1.T@10a697f
10-20 08:58:46.058 I/AiAiEcho( 1689): Predicting[0]: 
10-20 08:58:46.058 I/AiAiEcho( 1689): EchoTargets: 
10-20 08:58:46.058 I/AiAiEcho( 1689): Filtered by AiAi flag check: 
10-20 08:58:46.058 I/AiAiEcho( 1689): Ranked targets strategy: SORT, count: 0, ranking metadata: 
10-20 08:58:46.059 I/AiAiEcho( 1689): #postPredictionTargets: Sending updates to UISurface home with targets# 0 (types=[])
10-20 08:58:46.067 W/WindowManager(  534): Failed to deliver inset control state change to w=Window{8a6dbbf u0 com.geoloc.clientapp/crc641440c5aeb5906f31.MainActivity EXITING}
10-20 08:58:46.067 W/WindowManager(  534): android.os.DeadObjectException
10-20 08:58:46.067 W/WindowManager(  534): 	at android.os.BinderProxy.transactNative(Native Method)
10-20 08:58:46.067 W/WindowManager(  534): 	at android.os.BinderProxy.transact(BinderProxy.java:584)
10-20 08:58:46.067 W/WindowManager(  534): 	at android.view.IWindow$Stub$Proxy.insetsControlChanged(IWindow.java:479)
10-20 08:58:46.067 W/WindowManager(  534): 	at com.android.server.wm.WindowState.notifyInsetsControlChanged(WindowState.java:3802)
10-20 08:58:46.067 W/WindowManager(  534): 	at com.android.server.wm.InsetsStateController.lambda$notifyPendingInsetsControlChanged$3(InsetsStateController.java:343)
10-20 08:58:46.067 W/WindowManager(  534): 	at com.android.server.wm.InsetsStateController.$r8$lambda$8yykPRG1GyNq_J17QvL9d5xANMc(InsetsStateController.java:0)
10-20 08:58:46.067 W/WindowManager(  534): 	at com.android.server.wm.InsetsStateController$$ExternalSyntheticLambda2.run(R8$$SyntheticClass:0)
10-20 08:58:46.067 W/WindowManager(  534): 	at com.android.server.wm.WindowAnimator.executeAfterPrepareSurfacesRunnables(WindowAnimator.java:294)
10-20 08:58:46.067 W/WindowManager(  534): 	at com.android.server.wm.WindowAnimator.animate(WindowAnimator.java:202)
10-20 08:58:46.067 W/WindowManager(  534): 	at com.android.server.wm.WindowAnimator.lambda$new$1(WindowAnimator.java:99)
10-20 08:58:46.067 W/WindowManager(  534): 	at com.android.server.wm.WindowAnimator.$r8$lambda$aHNu1uhcqxihX5NZc4McDDQPAyw(WindowAnimator.java:0)
10-20 08:58:46.067 W/WindowManager(  534): 	at com.android.server.wm.WindowAnimator$$ExternalSyntheticLambda1.doFrame(R8$$SyntheticClass:0)
10-20 08:58:46.067 W/WindowManager(  534): 	at android.view.Choreographer$CallbackRecord.run(Choreographer.java:1337)
10-20 08:58:46.067 W/WindowManager(  534): 	at android.view.Choreographer$CallbackRecord.run(Choreographer.java:1348)
10-20 08:58:46.067 W/WindowManager(  534): 	at android.view.Choreographer.doCallbacks(Choreographer.java:952)
10-20 08:58:46.067 W/WindowManager(  534): 	at android.view.Choreographer.doFrame(Choreographer.java:878)
10-20 08:58:46.067 W/WindowManager(  534): 	at android.view.Choreographer$FrameDisplayEventReceiver.run(Choreographer.java:1322)
10-20 08:58:46.067 W/WindowManager(  534): 	at android.os.Handler.handleCallback(Handler.java:958)
10-20 08:58:46.067 W/WindowManager(  534): 	at android.os.Handler.dispatchMessage(Handler.java:99)
10-20 08:58:46.067 W/WindowManager(  534): 	at android.os.Looper.loopOnce(Looper.java:205)
10-20 08:58:46.067 W/WindowManager(  534): 	at android.os.Looper.loop(Looper.java:294)
10-20 08:58:46.067 W/WindowManager(  534): 	at android.os.HandlerThread.run(HandlerThread.java:67)
10-20 08:58:46.067 W/WindowManager(  534): 	at com.android.server.ServiceThread.run(ServiceThread.java:46)
10-20 08:58:46.068 E/TaskPersister(  534): File error accessing recents directory (directory doesn't exist?).
10-20 08:58:46.077 E/OpenGLRenderer( 1177): Unable to match the desired swap behavior.
10-20 08:58:46.077 E/OpenGLRenderer( 8547): Unable to match the desired swap behavior.
10-20 08:58:46.112 I/GsaVoiceInteractionSrv( 1716): Handling ACTION_START_HOTWORD
10-20 08:58:46.113 I/GsaVoiceInteractionSrv( 1716): disregardVoiceMatch: false
10-20 08:58:46.113 I/GsaVoiceInteractionSrv( 1716): Cannot start hotword, hotword has been explicitly disabled.
10-20 08:58:46.116 I/A       ( 8547): Created gRPC endpoint to "search" for service class com.google.android.apps.search.googleapp.search.suggest.plugins.onesearch.server.OneSearchSuggestService
10-20 08:58:46.119 W/A       ( 8547): Can't get WAA status for Mavatar!
10-20 08:58:46.119 W/A       ( 8547): java.lang.NullPointerException: Attempt to invoke virtual method 'java.lang.Class java.lang.Object.getClass()' on a null object reference
10-20 08:58:46.119 W/A       ( 8547): 	at com.google.apps.tiktok.dataservice.z.b(PG:1)
10-20 08:58:46.119 W/A       ( 8547): 	at com.google.apps.tiktok.dataservice.at.a(PG:1)
10-20 08:58:46.119 W/A       ( 8547): 	at com.google.apps.tiktok.tracing.ec.a(PG:2)
10-20 08:58:46.119 W/A       ( 8547): 	at com.google.common.util.concurrent.aj.a(PG:2)
10-20 08:58:46.119 W/A       ( 8547): 	at com.google.common.util.concurrent.ac.apply(PG:1)
10-20 08:58:46.119 W/A       ( 8547): 	at com.google.common.util.concurrent.h.e(PG:2)
10-20 08:58:46.119 W/A       ( 8547): 	at com.google.common.util.concurrent.j.run(PG:9)
10-20 08:58:46.119 W/A       ( 8547): 	at com.google.common.util.concurrent.bf.execute(PG:1)
10-20 08:58:46.119 W/A       ( 8547): 	at com.google.common.util.concurrent.d.i(PG:1)
10-20 08:58:46.119 W/A       ( 8547): 	at com.google.common.util.concurrent.d.l(PG:12)
10-20 08:58:46.119 W/A       ( 8547): 	at com.google.common.util.concurrent.d.n(PG:2)
10-20 08:58:46.119 W/A       ( 8547): 	at com.google.common.util.concurrent.i.f(PG:1)
10-20 08:58:46.119 W/A       ( 8547): 	at com.google.common.util.concurrent.j.run(PG:12)
10-20 08:58:46.119 W/A       ( 8547): 	at com.google.android.libraries.i.ae.run(PG:1)
10-20 08:58:46.119 W/A       ( 8547): 	at java.util.concurrent.ThreadPoolExecutor.runWorker(ThreadPoolExecutor.java:1145)
10-20 08:58:46.119 W/A       ( 8547): 	at java.util.concurrent.ThreadPoolExecutor$Worker.run(ThreadPoolExecutor.java:644)
10-20 08:58:46.119 W/A       ( 8547): 	at com.google.android.libraries.i.k.run(PG:2)
10-20 08:58:46.119 W/A       ( 8547): 	at com.google.android.libraries.i.p.run(PG:4)
10-20 08:58:46.119 W/A       ( 8547): 	at java.lang.Thread.run(Thread.java:1012)
10-20 08:58:46.144 V/WindowManagerShell(  911): onTransitionReady android.os.BinderProxy@32a03bd: {id=37 t=CLOSE f=0x10 trk=0 r=[0@Point(0, 0)] c=[{WCT{android.window.IWindowContainerToken$Stub$Proxy@897a2fe} m=TO_FRONT f=SHOW_WALLPAPER|MOVE_TO_TOP leash=Surface(name=Task=1)/@0x7355db2 sb=Rect(0, 0 - 1080, 2400) eb=Rect(0, 0 - 1080, 2400) d=0},{WCT{android.window.IWindowContainerToken$Stub$Proxy@aadfa5f} m=CLOSE f=NONE leash=Surface(name=Task=19)/@0xdf15103 sb=Rect(0, 0 - 1080, 2400) eb=Rect(0, 0 - 1080, 2400) d=0},{null m=TO_FRONT f=IS_WALLPAPER leash=Surface(name=WallpaperWindowToken{1f632af token=android.os.Binder@5974a8e})/@0x1c09880 sb=Rect(0, 0 - 1080, 2400) eb=Rect(0, 0 - 1080, 2400) d=0}]}
10-20 08:58:46.144 V/WindowManagerShell(  911): Playing animation for (#37)android.os.BinderProxy@32a03bd@0
10-20 08:58:46.145 D/SearchTargetUtil( 1177):  query= size=0
10-20 08:58:46.145 V/WindowManagerShell(  911):  try handler com.android.wm.shell.transition.DefaultMixedHandler@d114d22
10-20 08:58:46.145 V/WindowManagerShell(  911):  try handler com.android.wm.shell.keyguard.KeyguardTransitionHandler@2a63b3
10-20 08:58:46.145 V/WindowManagerShell(  911):  try handler com.android.wm.shell.activityembedding.ActivityEmbeddingController@bdf2d70
10-20 08:58:46.145 V/WindowManagerShell(  911):  try handler com.android.wm.shell.recents.RecentsTransitionHandler@27ea8e9
10-20 08:58:46.145 V/ShellRecents(  911): RecentsTransitionHandler.startAnimation: no controller found
10-20 08:58:46.145 V/WindowManager(  534): Sent Transition #37 createdAt=10-20 08:58:46.000 via request=TransitionRequestInfo { type = CLOSE, triggerTask = null, remoteTransition = null, displayChange = null }
10-20 08:58:46.145 V/WindowManagerShell(  911):  try handler com.android.wm.shell.pip.PipTransition@49b196e
10-20 08:58:46.145 V/WindowManager(  534):     startWCT=WindowContainerTransaction { changes = {} hops = [] errorCallbackToken=null taskFragmentOrganizer=null }
10-20 08:58:46.145 V/WindowManagerShell(  911):  try handler com.android.wm.shell.splitscreen.StageCoordinator@dd880f
10-20 08:58:46.145 V/WindowManagerShell(  911):  try handler com.android.wm.shell.transition.RemoteTransitionHandler@861b09c
10-20 08:58:46.145 V/WindowManager(  534):     info={id=37 t=CLOSE f=0x10 trk=0 r=[0@Point(0, 0)] c=[{WCT{RemoteToken{2853102 Task{23e39ba #1 type=home}}} m=TO_FRONT f=SHOW_WALLPAPER|MOVE_TO_TOP leash=Surface(name=Task=1)/@0xb42391a sb=Rect(0, 0 - 1080, 2400) eb=Rect(0, 0 - 1080, 2400) d=0},{WCT{RemoteToken{99c273d Task{fbcfd13 #19 type=standard A=10190:com.geoloc.clientapp}}} m=CLOSE f=NONE leash=Surface(name=Task=19)/@0xe215ce7 sb=Rect(0, 0 - 1080, 2400) eb=Rect(0, 0 - 1080, 2400) d=0},{null m=TO_FRONT f=IS_WALLPAPER leash=Surface(name=WallpaperWindowToken{1f632af token=android.os.Binder@5974a8e})/@0x8553c2 sb=Rect(0, 0 - 1080, 2400) eb=Rect(0, 0 - 1080, 2400) d=0}]}
10-20 08:58:46.145 V/WindowManagerShell(  911): Transition doesn't have explicit remote, search filters for match for {id=37 t=CLOSE f=0x10 trk=0 r=[0@Point(0, 0)] c=[{WCT{android.window.IWindowContainerToken$Stub$Proxy@897a2fe} m=TO_FRONT f=SHOW_WALLPAPER|MOVE_TO_TOP leash=Surface(name=Task=1)/@0x7355db2 sb=Rect(0, 0 - 1080, 2400) eb=Rect(0, 0 - 1080, 2400) d=0},{WCT{android.window.IWindowContainerToken$Stub$Proxy@aadfa5f} m=CLOSE f=NONE leash=Surface(name=Task=19)/@0xdf15103 sb=Rect(0, 0 - 1080, 2400) eb=Rect(0, 0 - 1080, 2400) d=0},{null m=TO_FRONT f=IS_WALLPAPER leash=Surface(name=WallpaperWindowToken{1f632af token=android.os.Binder@5974a8e})/@0x1c09880 sb=Rect(0, 0 - 1080, 2400) eb=Rect(0, 0 - 1080, 2400) d=0}]}
10-20 08:58:46.145 V/WindowManagerShell(  911):  Checking filter Pair{{types=[] flags=0x0] notFlags=0x0 checks=[{atype=dream independent=true modes=[OPEN,TO_FRONT] flags=NONE mustBeTask=false order=ANY topActivity=null},{atype=home independent=true modes=[CLOSE,TO_BACK] flags=NONE mustBeTask=false order=ANY topActivity=null}]} RemoteTransition { remoteTransition = android.window.IRemoteTransition$Stub$Proxy@a98cdbe, appThread = android.app.IApplicationThread$Stub$Proxy@b3ae1f, debugName = LauncherToDream }}
10-20 08:58:46.145 V/WindowManagerShell(  911):  Checking filter Pair{{types=[] flags=0x0] notFlags=0x100 checks=[{atype=home independent=true modes=[OPEN,TO_FRONT] flags=NONE mustBeTask=false order=TOP topActivity=ComponentInfo{com.google.android.apps.nexuslauncher/com.google.android.apps.nexuslauncher.NexusLauncherActivity}},{atype=standard independent=true modes=[CLOSE,TO_BACK] flags=NONE mustBeTask=false order=ANY topActivity=null}]} RemoteTransition { remoteTransition = android.window.IRemoteTransition$Stub$Proxy@688c56c, appThread = android.app.IApplicationThread$Stub$Proxy@1eb2735, debugName = QuickstepLaunchHome }}
10-20 08:58:46.145 D/RemoteTransitionHandler(  911): Found filterPair{{types=[] flags=0x0] notFlags=0x100 checks=[{atype=home independent=true modes=[OPEN,TO_FRONT] flags=NONE mustBeTask=false order=TOP topActivity=ComponentInfo{com.google.android.apps.nexuslauncher/com.google.android.apps.nexuslauncher.NexusLauncherActivity}},{atype=standard independent=true modes=[CLOSE,TO_BACK] flags=NONE mustBeTask=false order=ANY topActivity=null}]} RemoteTransition { remoteTransition = android.window.IRemoteTransition$Stub$Proxy@688c56c, appThread = android.app.IApplicationThread$Stub$Proxy@1eb2735, debugName = QuickstepLaunchHome }}
10-20 08:58:46.145 V/WindowManagerShell(  911):  Delegate animation for #37 to RemoteTransition { remoteTransition = android.window.IRemoteTransition$Stub$Proxy@688c56c, appThread = android.app.IApplicationThread$Stub$Proxy@1eb2735, debugName = QuickstepLaunchHome }
10-20 08:58:46.147 V/WindowManagerShell(  911):  animated by com.android.wm.shell.transition.RemoteTransitionHandler@861b09c
10-20 08:58:46.155 D/EGL_emulation(  911): app_time_stats: avg=353.82ms min=13.94ms max=3054.55ms count=9
10-20 08:58:46.184 I/ImeTracker(  534): com.google.android.apps.nexuslauncher:9ff3bd23: onRequestHide at ORIGIN_SERVER_HIDE_INPUT reason HIDE_UNSPECIFIED_WINDOW
10-20 08:58:46.185 I/ImeTracker(  534): com.google.android.apps.nexuslauncher:9ff3bd23: onCancelled at PHASE_SERVER_SHOULD_HIDE
10-20 08:58:46.186 I/GoogleInputMethodService( 8716): GoogleInputMethodService.onFinishInput():3227 
10-20 08:58:46.187 I/GoogleInputMethodService( 8716): GoogleInputMethodService.updateDeviceLockedStatus():2087 repeatCheckTimes = 0, unlocked = true
10-20 08:58:46.187 I/GoogleInputMethodService( 8716): GoogleInputMethodService.onStartInput():1877 onStartInput(EditorInfo{inputType=0x0(NULL) imeOptions=0x0 privateImeOptions=null actionName=UNSPECIFIED actionLabel=null actionId=0 initialSelStart=-1 initialSelEnd=-1 initialCapsMode=0x0 hintText=null label=null packageName=com.google.android.apps.nexuslauncher fieldId=0 fieldName=null extras=null}, false)
10-20 08:58:46.187 I/GoogleInputMethodService( 8716): GoogleInputMethodService.shouldHideHeaderOnInitialState():4008 ShouldHideHeaderOnInitialState = false
10-20 08:58:46.187 I/GoogleInputMethodService( 8716): GoogleInputMethodService.updateDeviceLockedStatus():2087 repeatCheckTimes = 2, unlocked = true
10-20 08:58:46.189 W/WindowManager(  534): Failed to deliver inset control state change to w=Window{8a6dbbf u0 com.geoloc.clientapp/crc641440c5aeb5906f31.MainActivity EXITING}
10-20 08:58:46.189 W/WindowManager(  534): android.os.DeadObjectException
10-20 08:58:46.189 W/WindowManager(  534): 	at android.os.BinderProxy.transactNative(Native Method)
10-20 08:58:46.189 W/WindowManager(  534): 	at android.os.BinderProxy.transact(BinderProxy.java:584)
10-20 08:58:46.189 W/WindowManager(  534): 	at android.view.IWindow$Stub$Proxy.insetsControlChanged(IWindow.java:479)
10-20 08:58:46.189 W/WindowManager(  534): 	at com.android.server.wm.WindowState.notifyInsetsControlChanged(WindowState.java:3802)
10-20 08:58:46.189 W/WindowManager(  534): 	at com.android.server.wm.InsetsStateController.lambda$notifyPendingInsetsControlChanged$3(InsetsStateController.java:343)
10-20 08:58:46.189 W/WindowManager(  534): 	at com.android.server.wm.InsetsStateController.$r8$lambda$8yykPRG1GyNq_J17QvL9d5xANMc(InsetsStateController.java:0)
10-20 08:58:46.189 W/WindowManager(  534): 	at com.android.server.wm.InsetsStateController$$ExternalSyntheticLambda2.run(R8$$SyntheticClass:0)
10-20 08:58:46.189 W/WindowManager(  534): 	at com.android.server.wm.WindowAnimator.executeAfterPrepareSurfacesRunnables(WindowAnimator.java:294)
10-20 08:58:46.189 W/WindowManager(  534): 	at com.android.server.wm.RootWindowContainer.performSurfacePlacementNoTrace(RootWindowContainer.java:811)
10-20 08:58:46.189 W/WindowManager(  534): 	at com.android.server.wm.RootWindowContainer.performSurfacePlacement(RootWindowContainer.java:756)
10-20 08:58:46.189 W/WindowManager(  534): 	at com.android.server.wm.WindowSurfacePlacer.performSurfacePlacementLoop(WindowSurfacePlacer.java:177)
10-20 08:58:46.189 W/WindowManager(  534): 	at com.android.server.wm.WindowSurfacePlacer.performSurfacePlacement(WindowSurfacePlacer.java:126)
10-20 08:58:46.189 W/WindowManager(  534): 	at com.android.server.wm.WindowSurfacePlacer.performSurfacePlacement(WindowSurfacePlacer.java:115)
10-20 08:58:46.189 W/WindowManager(  534): 	at com.android.server.wm.WindowSurfacePlacer$Traverser.run(WindowSurfacePlacer.java:57)
10-20 08:58:46.189 W/WindowManager(  534): 	at android.os.Handler.handleCallback(Handler.java:958)
10-20 08:58:46.189 W/WindowManager(  534): 	at android.os.Handler.dispatchMessage(Handler.java:99)
10-20 08:58:46.189 W/WindowManager(  534): 	at android.os.Looper.loopOnce(Looper.java:205)
10-20 08:58:46.189 W/WindowManager(  534): 	at android.os.Looper.loop(Looper.java:294)
10-20 08:58:46.189 W/WindowManager(  534): 	at android.os.HandlerThread.run(HandlerThread.java:67)
10-20 08:58:46.189 W/WindowManager(  534): 	at com.android.server.ServiceThread.run(ServiceThread.java:46)
10-20 08:58:46.207 W/System  (  911): A resource failed to call release. 
10-20 08:58:46.208 W/System  (  911): A resource failed to call release. 
10-20 08:58:46.208 W/System  (  911): A resource failed to call release. 
10-20 08:58:46.208 W/System  (  911): A resource failed to call release. 
10-20 08:58:46.209 W/System  (  911): A resource failed to call release. 
10-20 08:58:46.209 W/System  (  911): A resource failed to call release. 
10-20 08:58:46.209 W/System  (  911): A resource failed to call release. 
10-20 08:58:46.209 W/System  (  911): A resource failed to call release. 
10-20 08:58:46.209 W/System  (  911): A resource failed to call release. 
10-20 08:58:46.209 W/System  (  911): A resource failed to call release. 
10-20 08:58:46.209 W/System  (  911): A resource failed to call release. 
10-20 08:58:46.209 W/System  (  911): A resource failed to call release. 
10-20 08:58:46.209 W/System  (  911): A resource failed to call release. 
10-20 08:58:46.209 W/System  (  911): A resource failed to call release. 
10-20 08:58:46.209 W/System  (  911): A resource failed to call release. 
10-20 08:58:46.209 W/System  (  911): A resource failed to call release. 
10-20 08:58:46.209 W/System  (  911): A resource failed to call release. 
10-20 08:58:46.209 W/System  (  911): A resource failed to call release. 
10-20 08:58:46.209 W/System  (  911): A resource failed to call release. 
10-20 08:58:46.209 W/System  (  911): A resource failed to call release. 
10-20 08:58:46.209 W/System  (  911): A resource failed to call release. 
10-20 08:58:46.209 W/System  (  911): A resource failed to call release. 
10-20 08:58:46.209 W/System  (  911): A resource failed to call release. 
10-20 08:58:46.209 W/System  (  911): A resource failed to call release. 
10-20 08:58:46.209 W/System  (  911): A resource failed to call release. 
10-20 08:58:46.209 W/System  (  911): A resource failed to call release. 
10-20 08:58:46.209 W/System  (  911): A resource failed to call release. 
10-20 08:58:46.209 W/System  (  911): A resource failed to call release. 
10-20 08:58:46.209 W/System  (  911): A resource failed to call release. 
10-20 08:58:46.209 W/System  (  911): A resource failed to call release. 
10-20 08:58:46.209 W/System  (  911): A resource failed to call release. 
10-20 08:58:46.209 W/System  (  911): A resource failed to call release. 
10-20 08:58:46.209 W/System  (  911): A resource failed to call release. 
10-20 08:58:46.209 W/System  (  911): A resource failed to call release. 
10-20 08:58:46.209 W/System  (  911): A resource failed to call release. 
10-20 08:58:46.210 W/System  (  911): A resource failed to call release. 
10-20 08:58:46.210 W/System  (  911): A resource failed to call release. 
10-20 08:58:46.210 W/System  (  911): A resource failed to call release. 
10-20 08:58:46.210 W/System  (  911): A resource failed to call release. 
10-20 08:58:46.211 W/System  (  911): A resource failed to call release. 
10-20 08:58:46.336 D/EGL_emulation(  911): app_time_stats: avg=130.53ms min=14.77ms max=1809.56ms count=18
10-20 08:58:46.482 V/WindowManagerShell(  911): Transition animation finished (aborted=false), notifying core (#37)android.os.BinderProxy@32a03bd@0
10-20 08:58:46.483 V/WindowManager(  534): Finish Transition #37: created at 10-20 08:58:46.000 collect-started=0.033ms request-sent=0.083ms started=3.052ms ready=38.932ms sent=143.133ms finished=482.149ms
10-20 08:58:46.483 W/WindowManager(  534): Exception thrown during dispatchAppVisibility Window{8a6dbbf u0 com.geoloc.clientapp/crc641440c5aeb5906f31.MainActivity EXITING}
10-20 08:58:46.483 W/WindowManager(  534): android.os.DeadObjectException
10-20 08:58:46.483 W/WindowManager(  534): 	at android.os.BinderProxy.transactNative(Native Method)
10-20 08:58:46.483 W/WindowManager(  534): 	at android.os.BinderProxy.transact(BinderProxy.java:584)
10-20 08:58:46.483 W/WindowManager(  534): 	at android.view.IWindow$Stub$Proxy.dispatchAppVisibility(IWindow.java:546)
10-20 08:58:46.483 W/WindowManager(  534): 	at com.android.server.wm.WindowState.sendAppVisibilityToClients(WindowState.java:3271)
10-20 08:58:46.483 W/WindowManager(  534): 	at com.android.server.wm.WindowContainer.sendAppVisibilityToClients(WindowContainer.java:1221)
10-20 08:58:46.483 W/WindowManager(  534): 	at com.android.server.wm.WindowToken.setClientVisible(WindowToken.java:409)
10-20 08:58:46.483 W/WindowManager(  534): 	at com.android.server.wm.ActivityRecord.setClientVisible(ActivityRecord.java:6946)
10-20 08:58:46.483 W/WindowManager(  534): 	at com.android.server.wm.ActivityRecord.postApplyAnimation(ActivityRecord.java:5637)
10-20 08:58:46.483 W/WindowManager(  534): 	at com.android.server.wm.ActivityRecord.commitVisibility(ActivityRecord.java:5580)
10-20 08:58:46.483 W/WindowManager(  534): 	at com.android.server.wm.Transition.finishTransition(Transition.java:1151)
10-20 08:58:46.483 W/WindowManager(  534): 	at com.android.server.wm.TransitionController.finishTransition(TransitionController.java:868)
10-20 08:58:46.483 W/WindowManager(  534): 	at com.android.server.wm.WindowOrganizerController.finishTransition(WindowOrganizerController.java:396)
10-20 08:58:46.483 W/WindowManager(  534): 	at android.window.IWindowOrganizerController$Stub.onTransact(IWindowOrganizerController.java:286)
10-20 08:58:46.483 W/WindowManager(  534): 	at com.android.server.wm.WindowOrganizerController.onTransact(WindowOrganizerController.java:181)
10-20 08:58:46.483 W/WindowManager(  534): 	at android.os.Binder.execTransactInternal(Binder.java:1344)
10-20 08:58:46.483 W/WindowManager(  534): 	at android.os.Binder.execTransact(Binder.java:1275)
10-20 08:58:46.483 I/Process (  534): Sending signal. PID: 13748 SIG: 9
10-20 08:58:46.485 W/ActivityManager(  534): setHasOverlayUi called on unknown pid: 13748
10-20 08:58:46.487 V/WindowManagerShell(  911): Track 0 became idle
10-20 08:58:46.487 V/WindowManagerShell(  911): All active transition animations finished
10-20 08:58:46.500 W/ActivityTaskManager(  534): Activity top resumed state loss timeout for ActivityRecord{b12f002 u0 com.geoloc.clientapp/crc641440c5aeb5906f31.MainActivity t-1 f}}
10-20 08:58:46.514 E/BpTransactionCompletedListener(  419): Failed to transact (-32)
10-20 08:58:47.350 D/EGL_emulation(  911): app_time_stats: avg=15.85ms min=12.36ms max=18.73ms count=61
10-20 08:58:49.490 E/TaskPersister(  534): File error accessing recents directory (directory doesn't exist?).
10-20 08:58:49.925 D/StatusBarIconController(  911): ignoring old pipeline callbacks, because the new mobile icons are enabled
10-20 08:58:50.990 W/ProcessStats(  534): Tracking association SourceState{8bcc0b2 com.google.android.gms.persistent/10127 BTop #21294} whose proc state 2 is better than process ProcessState{3a748fc com.google.android.gms/10127 pkg=com.google.android.gms (sub)} proc state 8 (316 skipped)
10-20 08:58:52.617 E/WifiStaIfaceAidlImpl(  534): installApfPacketFilter failed with service-specific exception: android.os.ServiceSpecificException:  (code 4)
10-20 08:58:55.075 D/StatusBarIconController(  911): ignoring old pipeline callback because the new wifi icon is enabled
