10-20 08:58:42.969 D/EGL_emulation(  911): app_time_stats: avg=3035.74ms min=3035.74ms max=3035.74ms count=1
10-20 08:58:42.970 D/EGL_emulation(  911): app_time_stats: avg=132.53ms min=14.03ms max=4803.78ms count=41
10-20 08:58:43.354 I/eoloc.clientapp(13748): Explicit concurrent copying GC freed 9244(616KB) AllocSpace objects, 0(0B) LOS objects, 49% free, 2252KB/4505KB, paused 265us,33us total 3.154ms
10-20 08:58:43.577 I/ActivityManager(  534): Flag disabled. Ignoring finishAttachApplication from uid: 10190. pid: 13748
10-20 08:58:43.582 D/libEGL  (13748): loaded /vendor/lib64/egl/libEGL_emulation.so
10-20 08:58:43.584 D/libEGL  (13748): loaded /vendor/lib64/egl/libGLESv1_CM_emulation.so
10-20 08:58:43.586 D/libEGL  (13748): loaded /vendor/lib64/egl/libGLESv2_emulation.so
10-20 08:58:43.633 D/AppCompatDelegate(13748): Checking for metadata for AppLocalesMetadataHolderService : Service not found
10-20 08:58:43.694 D/MapsInitializer(13748): preferredRenderer: null
10-20 08:58:43.694 D/zzcb    (13748): preferredRenderer: null
10-20 08:58:43.695 I/zzcb    (13748): Making Creator dynamically
10-20 08:58:43.705 W/eoloc.clientapp(13748): ClassLoaderContext classpath size mismatch. expected=14, found=0 (DLC[];PCL[base.apk*1378722396:base.apk!classes2.dex*2062198266:base.apk!classes3.dex*522355775:base.apk!classes4.dex*867634828:base.apk!classes5.dex*3952229345:base.apk!classes6.dex*1080838976:base.apk!classes7.dex*3211488248:base.apk!classes8.dex*841294591:base.apk!classes9.dex*1757020133:base.apk!classes10.dex*1344732938:base.apk!classes11.dex*3252879430:base.apk!classes12.dex*2058163876:base.apk!classes13.dex*1279591976:base.apk!classes14.dex*3539920651]{PCL[/system/framework/org.apache.http.legacy.jar*365604908]#PCL[/system/framework/com.android.media.remotedisplay.jar*2114713713]#PCL[/system/framework/com.android.location.provider.jar*3994156536]#PCL[/system_ext/framework/androidx.window.extensions.jar*3801209684]#PCL[/system_ext/framework/androidx.window.sidecar.jar*2709203797]#PCL[/system/framework/org.apache.http.legacy.jar*365604908]} | DLC[];PCL[])
10-20 08:58:43.705 I/AppsFilter(  534): interaction: PackageSetting{a610de8 com.geoloc.clientapp/10190} -> PackageSetting{ae7272c com.android.cts.priv.ctsshim/10181} BLOCKED
10-20 08:58:43.705 I/AppsFilter(  534): interaction: PackageSetting{a610de8 com.geoloc.clientapp/10190} -> PackageSetting{a6345f5 com.google.android.youtube/10140} BLOCKED
10-20 08:58:43.705 I/AppsFilter(  534): interaction: PackageSetting{a610de8 com.geoloc.clientapp/10190} -> PackageSetting{c139f8a com.android.internal.display.cutout.emulation.corner/10049} BLOCKED
10-20 08:58:43.705 I/AppsFilter(  534): interaction: PackageSetting{a610de8 com.geoloc.clientapp/10190} -> PackageSetting{db329fb com.android.internal.display.cutout.emulation.double/10056} BLOCKED
10-20 08:58:43.706 I/AppsFilter(  534): interaction: PackageSetting{a610de8 com.geoloc.clientapp/10190} -> PackageSetting{f358a18 com.google.android.googlequicksearchbox/10132} BLOCKED
10-20 08:58:43.706 I/AppsFilter(  534): interaction: PackageSetting{a610de8 com.geoloc.clientapp/10190} -> PackageSetting{6f4c71 com.google.android.onetimeinitializer/10118} BLOCKED
10-20 08:58:43.706 I/AppsFilter(  534): interaction: PackageSetting{a610de8 com.geoloc.clientapp/10190} -> PackageSetting{9142a56 com.google.android.ext.shared/10107} BLOCKED
10-20 08:58:43.706 I/AppsFilter(  534): interaction: PackageSetting{a610de8 com.geoloc.clientapp/10190} -> PackageSetting{7006ad7 com.android.internal.systemui.navbar.gestural_wide_back/10040} BLOCKED
10-20 08:58:43.706 I/AppsFilter(  534): interaction: PackageSetting{a610de8 com.geoloc.clientapp/10190} -> PackageSetting{5052fc4 com.android.virtualmachine.res/10173} BLOCKED
10-20 08:58:43.706 I/AppsFilter(  534): interaction: PackageSetting{a610de8 com.geoloc.clientapp/10190} -> PackageSetting{d5b3ead com.google.android.federatedcompute/10186} BLOCKED
10-20 08:58:43.706 I/AppsFilter(  534): interaction: PackageSetting{a610de8 com.geoloc.clientapp/10190} -> PackageSetting{3c095e2 com.android.managedprovisioning.auto_generated_rro_product__/10003} BLOCKED
10-20 08:58:43.706 I/AppsFilter(  534): interaction: PackageSetting{a610de8 com.geoloc.clientapp/10190} -> PackageSetting{576dd73 com.android.carrierconfig.auto_generated_rro_vendor__/10077} BLOCKED
10-20 08:58:43.706 I/AppsFilter(  534): interaction: PackageSetting{a610de8 com.geoloc.clientapp/10190} -> PackageSetting{5078430 com.android.systemui.emulation.pixel_3_xl/10066} BLOCKED
10-20 08:58:43.706 I/AppsFilter(  534): interaction: PackageSetting{a610de8 com.geoloc.clientapp/10190} -> PackageSetting{b9a18a9 com.android.systemui.emulation.pixel_4_xl/10073} BLOCKED
10-20 08:58:43.706 I/AppsFilter(  534): interaction: PackageSetting{a610de8 com.geoloc.clientapp/10190} -> PackageSetting{fd62e2e com.android.systemui.emulation.pixel_fold/10014} BLOCKED
10-20 08:58:43.706 I/AppsFilter(  534): interaction: PackageSetting{a610de8 com.geoloc.clientapp/10190} -> PackageSetting{5d7ddcf com.android.simappdialog.auto_generated_rro_product__/10019} BLOCKED
10-20 08:58:43.706 I/AppsFilter(  534): interaction: PackageSetting{a610de8 com.geoloc.clientapp/10190} -> PackageSetting{f98b35c com.android.htmlviewer/10112} BLOCKED
10-20 08:58:43.706 I/AppsFilter(  534): interaction: PackageSetting{a610de8 com.geoloc.clientapp/10190} -> PackageSetting{fd29665 com.google.android.health.connect.backuprestore/10171} BLOCKED
10-20 08:58:43.706 I/AppsFilter(  534): interaction: PackageSetting{a610de8 com.geoloc.clientapp/10190} -> PackageSetting{d9aff3a com.android.systemui.auto_generated_rro_product__/10063} BLOCKED
10-20 08:58:43.706 I/AppsFilter(  534): interaction: PackageSetting{a610de8 com.geoloc.clientapp/10190} -> PackageSetting{59e87eb com.google.android.apps.messaging/10130} BLOCKED
10-20 08:58:43.706 I/AppsFilter(  534): interaction: PackageSetting{a610de8 com.geoloc.clientapp/10190} -> PackageSetting{caba948 com.google.android.soundpicker/10144} BLOCKED
10-20 08:58:43.706 I/AppsFilter(  534): interaction: PackageSetting{a610de8 com.geoloc.clientapp/10190} -> PackageSetting{85b33e1 com.google.android.configupdater/10129} BLOCKED
10-20 08:58:43.706 I/AppsFilter(  534): interaction: PackageSetting{a610de8 com.geoloc.clientapp/10190} -> PackageSetting{9a9d506 com.android.internal.emulation.pixel_3a_xl/10022} BLOCKED
10-20 08:58:43.706 I/AppsFilter(  534): interaction: PackageSetting{a610de8 com.geoloc.clientapp/10190} -> PackageSetting{4dbb7c7 com.android.internal.emulation.pixel_6_pro/10060} BLOCKED
10-20 08:58:43.706 I/AppsFilter(  534): interaction: PackageSetting{a610de8 com.geoloc.clientapp/10190} -> PackageSetting{e7611f4 com.android.internal.emulation.pixel_7_pro/10004} BLOCKED
10-20 08:58:43.706 I/AppsFilter(  534): interaction: PackageSetting{a610de8 com.geoloc.clientapp/10190} -> PackageSetting{8762d1d com.android.internal.emulation.pixel_8_pro/10048} BLOCKED
10-20 08:58:43.706 I/AppsFilter(  534): interaction: PackageSetting{a610de8 com.geoloc.clientapp/10190} -> PackageSetting{d7e3b92 com.android.internal.emulation.pixel_3a/10034} BLOCKED
10-20 08:58:43.706 I/AppsFilter(  534): interaction: PackageSetting{a610de8 com.geoloc.clientapp/10190} -> PackageSetting{9d20963 com.android.internal.emulation.pixel_4a/10037} BLOCKED
10-20 08:58:43.706 I/AppsFilter(  534): interaction: PackageSetting{a610de8 com.geoloc.clientapp/10190} -> PackageSetting{2dc5960 com.android.internal.emulation.pixel_6a/10043} BLOCKED
10-20 08:58:43.706 I/AppsFilter(  534): interaction: PackageSetting{a610de8 com.geoloc.clientapp/10190} -> PackageSetting{b4d7e19 com.android.internal.emulation.pixel_7a/10072} BLOCKED
10-20 08:58:43.706 I/AppsFilter(  534): interaction: PackageSetting{a610de8 com.geoloc.clientapp/10190} -> PackageSetting{cc07ede com.google.android.overlay.googlewebview/10028} BLOCKED
10-20 08:58:43.706 I/AppsFilter(  534): interaction: PackageSetting{a610de8 com.geoloc.clientapp/10190} -> PackageSetting{251d8bf com.google.android.hotspot2.osulogin/10178} BLOCKED
10-20 08:58:43.706 I/AppsFilter(  534): interaction: PackageSetting{a610de8 com.geoloc.clientapp/10190} -> PackageSetting{f9dab8c com.android.simappdialog/10113} BLOCKED
10-20 08:58:43.706 I/AppsFilter(  534): interaction: PackageSetting{a610de8 com.geoloc.clientapp/10190} -> PackageSetting{aaee2d5 com.android.internal.display.cutout.emulation.hole/10013} BLOCKED
10-20 08:58:43.706 I/AppsFilter(  534): interaction: PackageSetting{a610de8 com.geoloc.clientapp/10190} -> PackageSetting{b51aaea com.android.internal.display.cutout.emulation.tall/10031} BLOCKED
10-20 08:58:43.706 I/AppsFilter(  534): interaction: PackageSetting{a610de8 com.geoloc.clientapp/10190} -> PackageSetting{ed541db com.android.internal.systemui.navbar.threebutton/10001} BLOCKED
10-20 08:58:43.706 I/AppsFilter(  534): interaction: PackageSetting{a610de8 com.geoloc.clientapp/10190} -> PackageSetting{53ff478 com.android.camera2/10148} BLOCKED
10-20 08:58:43.706 I/AppsFilter(  534): interaction: PackageSetting{a610de8 com.geoloc.clientapp/10190} -> PackageSetting{587d751 com.android.systemui.auto_generated_rro_vendor__/10076} BLOCKED
10-20 08:58:43.706 I/AppsFilter(  534): interaction: PackageSetting{a610de8 com.geoloc.clientapp/10190} -> PackageSetting{8178bb6 com.google.android.deskclock/10141} BLOCKED
10-20 08:58:43.706 I/AppsFilter(  534): interaction: PackageSetting{a610de8 com.geoloc.clientapp/10190} -> PackageSetting{35c20b7 com.android.internal.systemui.navbar.twobutton/10009} BLOCKED
10-20 08:58:43.706 I/AppsFilter(  534): interaction: PackageSetting{a610de8 com.geoloc.clientapp/10190} -> PackageSetting{4bbe024 com.google.android.as/10125} BLOCKED
10-20 08:58:43.706 I/AppsFilter(  534): interaction: PackageSetting{a610de8 com.geoloc.clientapp/10190} -> PackageSetting{b51cd35 com.google.android.gm/10147} BLOCKED
10-20 08:58:43.706 I/AppsFilter(  534): interaction: PackageSetting{a610de8 com.geoloc.clientapp/10190} -> PackageSetting{888ad42 com.android.internal.systemui.navbar.gestural_extra_wide_back/10011} BLOCKED
10-20 08:58:43.706 I/AppsFilter(  534): interaction: PackageSetting{a610de8 com.geoloc.clientapp/10190} -> PackageSetting{a081153 com.android.systemui.emulation.pixel_3/10000} BLOCKED
10-20 08:58:43.706 I/AppsFilter(  534): interaction: PackageSetting{a610de8 com.geoloc.clientapp/10190} -> PackageSetting{3e8da90 com.android.systemui.emulation.pixel_4/10021} BLOCKED
10-20 08:58:43.706 I/AppsFilter(  534): interaction: PackageSetting{a610de8 com.geoloc.clientapp/10190} -> PackageSetting{81d1f89 com.android.systemui.emulation.pixel_5/10020} BLOCKED
10-20 08:58:43.706 I/AppsFilter(  534): interaction: PackageSetting{a610de8 com.geoloc.clientapp/10190} -> PackageSetting{f85b8e com.android.systemui.emulation.pixel_6/10050} BLOCKED
10-20 08:58:43.706 I/AppsFilter(  534): interaction: PackageSetting{a610de8 com.geoloc.clientapp/10190} -> PackageSetting{3786faf com.android.systemui.emulation.pixel_7/10061} BLOCKED
10-20 08:58:43.706 I/AppsFilter(  534): interaction: PackageSetting{a610de8 com.geoloc.clientapp/10190} -> PackageSetting{ca90fbc com.android.systemui.emulation.pixel_8/10024} BLOCKED
10-20 08:58:43.706 I/AppsFilter(  534): interaction: PackageSetting{a610de8 com.geoloc.clientapp/10190} -> PackageSetting{e2f2b45 com.android.nfc.auto_generated_rro_product__/10068} BLOCKED
10-20 08:58:43.706 I/AppsFilter(  534): interaction: PackageSetting{a610de8 com.geoloc.clientapp/10190} -> PackageSetting{5a2a29a com.android.printspooler/10102} BLOCKED
10-20 08:58:43.706 I/AppsFilter(  534): interaction: PackageSetting{a610de8 com.geoloc.clientapp/10190} -> PackageSetting{e657cb com.android.emergency.auto_generated_rro_product__/10017} BLOCKED
10-20 08:58:43.706 I/AppsFilter(  534): interaction: PackageSetting{a610de8 com.geoloc.clientapp/10190} -> PackageSetting{2d56ba8 com.google.android.connectivity.resources.goldfish.overlay/10080} BLOCKED
10-20 08:58:43.706 I/AppsFilter(  534): interaction: PackageSetting{a610de8 com.geoloc.clientapp/10190} -> PackageSetting{79c36c1 com.android.dreams.basic/10108} BLOCKED
10-20 08:58:43.706 I/AppsFilter(  534): interaction: PackageSetting{a610de8 com.geoloc.clientapp/10190} -> PackageSetting{784e66 com.google.android.networkstack.tethering.emulator/10059} BLOCKED
10-20 08:58:43.706 I/AppsFilter(  534): interaction: PackageSetting{a610de8 com.geoloc.clientapp/10190} -> PackageSetting{400a5a7 com.android.providers.settings.auto_generated_rro_product__/10051} BLOCKED
10-20 08:58:43.706 I/AppsFilter(  534): interaction: PackageSetting{a610de8 com.geoloc.clientapp/10190} -> PackageSetting{ce99a54 com.google.android.as.oss/10116} BLOCKED
10-20 08:58:43.706 I/AppsFilter(  534): interaction: PackageSetting{a610de8 com.geoloc.clientapp/10190} -> PackageSetting{d747dfd com.android.traceur.auto_generated_rro_product__/10064} BLOCKED
10-20 08:58:43.706 I/AppsFilter(  534): interaction: PackageSetting{a610de8 com.geoloc.clientapp/10190} -> PackageSetting{7aaeaf2 com.google.android.devicelockcontroller/10172} BLOCKED
10-20 08:58:43.706 I/AppsFilter(  534): interaction: PackageSetting{a610de8 com.geoloc.clientapp/10190} -> PackageSetting{87f543 com.google.android.dialer/10126} BLOCKED
10-20 08:58:43.707 I/AppsFilter(  534): interaction: PackageSetting{a610de8 com.geoloc.clientapp/10190} -> PackageSetting{b7007c0 com.android.internal.emulation.pixel_3/10039} BLOCKED
10-20 08:58:43.707 I/AppsFilter(  534): interaction: PackageSetting{a610de8 com.geoloc.clientapp/10190} -> PackageSetting{f8ffcf9 com.android.internal.emulation.pixel_4/10041} BLOCKED
10-20 08:58:43.707 I/AppsFilter(  534): interaction: PackageSetting{a610de8 com.geoloc.clientapp/10190} -> PackageSetting{f8c43e com.android.internal.emulation.pixel_5/10015} BLOCKED
10-20 08:58:43.707 I/AppsFilter(  534): interaction: PackageSetting{a610de8 com.geoloc.clientapp/10190} -> PackageSetting{baaa29f com.android.internal.emulation.pixel_6/10055} BLOCKED
10-20 08:58:43.707 I/AppsFilter(  534): interaction: PackageSetting{a610de8 com.geoloc.clientapp/10190} -> PackageSetting{b2ddfec com.android.internal.emulation.pixel_7/10023} BLOCKED
10-20 08:58:43.707 I/AppsFilter(  534): interaction: PackageSetting{a610de8 com.geoloc.clientapp/10190} -> PackageSetting{94a6fb5 com.android.internal.emulation.pixel_8/10054} BLOCKED
10-20 08:58:43.707 I/AppsFilter(  534): interaction: PackageSetting{a610de8 com.geoloc.clientapp/10190} -> PackageSetting{db8e64a com.google.android.captiveportallogin/10110} BLOCKED
10-20 08:58:43.707 I/AppsFilter(  534): interaction: PackageSetting{a610de8 com.geoloc.clientapp/10190} -> PackageSetting{520c9bb com.android.musicfx/10086} BLOCKED
10-20 08:58:43.707 I/AppsFilter(  534): interaction: PackageSetting{a610de8 com.geoloc.clientapp/10190} -> PackageSetting{e0f0ed8 com.google.android.apps.docs/10152} BLOCKED
10-20 08:58:43.707 I/AppsFilter(  534): interaction: PackageSetting{a610de8 com.geoloc.clientapp/10190} -> PackageSetting{5ff5231 com.google.android.modulemetadata/10149} BLOCKED
10-20 08:58:43.707 I/DynamiteModule(13748): Considering local module com.google.android.gms.maps_dynamite:0 and remote module com.google.android.gms.maps_dynamite:253425402
10-20 08:58:43.707 I/AppsFilter(  534): interaction: PackageSetting{a610de8 com.geoloc.clientapp/10190} -> PackageSetting{ba71d16 com.google.android.markup/10138} BLOCKED
10-20 08:58:43.707 I/AppsFilter(  534): interaction: PackageSetting{a610de8 com.geoloc.clientapp/10190} -> PackageSetting{6084697 com.android.providers.settings.auto_generated_rro_vendor__/10079} BLOCKED
10-20 08:58:43.707 I/DynamiteModule(13748): Selected remote version of com.google.android.gms.maps_dynamite, version >= 253425402
10-20 08:58:43.707 I/AppsFilter(  534): interaction: PackageSetting{a610de8 com.geoloc.clientapp/10190} -> PackageSetting{6d24084 com.google.android.webview/10133} BLOCKED
10-20 08:58:43.707 I/AppsFilter(  534): interaction: PackageSetting{a610de8 com.geoloc.clientapp/10190} -> PackageSetting{145e06d com.google.android.rkpdapp/10189} BLOCKED
10-20 08:58:43.707 V/DynamiteModule(13748): Dynamite loader version >= 2, using loadModule2NoCrashUtils
10-20 08:58:43.707 I/AppsFilter(  534): interaction: PackageSetting{a610de8 com.geoloc.clientapp/10190} -> PackageSetting{a58b5ca com.google.android.contacts/10136} BLOCKED
10-20 08:58:43.707 I/AppsFilter(  534): interaction: PackageSetting{a610de8 com.geoloc.clientapp/10190} -> PackageSetting{180b533 com.android.server.telecom.auto_generated_rro_product__/10006} BLOCKED
10-20 08:58:43.707 I/AppsFilter(  534): interaction: PackageSetting{a610de8 com.geoloc.clientapp/10190} -> PackageSetting{374e0f0 com.google.android.overlay.googleconfig/10007} BLOCKED
10-20 08:58:43.707 I/AppsFilter(  534): interaction: PackageSetting{a610de8 com.geoloc.clientapp/10190} -> PackageSetting{eed1669 com.android.chrome/10142} BLOCKED
10-20 08:58:43.707 I/AppsFilter(  534): interaction: PackageSetting{a610de8 com.geoloc.clientapp/10190} -> PackageSetting{5fcb8ee com.android.bips.auto_generated_rro_product__/10016} BLOCKED
10-20 08:58:43.707 I/AppsFilter(  534): interaction: PackageSetting{a610de8 com.geoloc.clientapp/10190} -> PackageSetting{307718f com.google.android.apps.customization.pixel/10150} BLOCKED
10-20 08:58:43.707 I/AppsFilter(  534): interaction: PackageSetting{a610de8 com.geoloc.clientapp/10190} -> PackageSetting{25f1c1c com.google.android.tag/10087} BLOCKED
10-20 08:58:43.707 I/AppsFilter(  534): interaction: PackageSetting{a610de8 com.geoloc.clientapp/10190} -> PackageSetting{6b7b025 com.google.android.overlay.permissioncontroller/10067} BLOCKED
10-20 08:58:43.707 I/AppsFilter(  534): interaction: PackageSetting{a610de8 com.geoloc.clientapp/10190} -> PackageSetting{57f75fa com.google.android.partnersetup/10128} BLOCKED
10-20 08:58:43.707 I/AppsFilter(  534): interaction: PackageSetting{a610de8 com.geoloc.clientapp/10190} -> PackageSetting{69397ab com.google.android.apps.wallpaper.nexus/10134} BLOCKED
10-20 08:58:43.707 I/AppsFilter(  534): interaction: PackageSetting{a610de8 com.geoloc.clientapp/10190} -> PackageSetting{e4fde08 com.google.android.apps.nexuslauncher/10162} BLOCKED
10-20 08:58:43.707 I/AppsFilter(  534): interaction: PackageSetting{a610de8 com.geoloc.clientapp/10190} -> PackageSetting{fd829a1 com.google.android.nearby.halfsheet/10188} BLOCKED
10-20 08:58:43.707 I/AppsFilter(  534): interaction: PackageSetting{a610de8 com.geoloc.clientapp/10190} -> PackageSetting{f3ef7c6 com.android.theme.font.notoserifsource/10053} BLOCKED
10-20 08:58:43.707 I/AppsFilter(  534): interaction: PackageSetting{a610de8 com.geoloc.clientapp/10190} -> PackageSetting{6720387 com.google.android.safetycenter.resources/10183} BLOCKED
10-20 08:58:43.707 I/AppsFilter(  534): interaction: PackageSetting{a610de8 com.geoloc.clientapp/10190} -> PackageSetting{d08d2b4 com.android.internal.display.cutout.emulation.waterfall/10057} BLOCKED
10-20 08:58:43.707 I/AppsFilter(  534): interaction: PackageSetting{a610de8 com.geoloc.clientapp/10190} -> PackageSetting{82cbedd com.android.internal.systemui.navbar.transparent/10018} BLOCKED
10-20 08:58:43.707 I/AppsFilter(  534): interaction: PackageSetting{a610de8 com.geoloc.clientapp/10190} -> PackageSetting{922ca52 com.google.android.connectivity.resources/10187} BLOCKED
10-20 08:58:43.707 I/AppsFilter(  534): interaction: PackageSetting{a610de8 com.geoloc.clientapp/10190} -> PackageSetting{ae15123 com.android.providers.contacts.auto_generated_rro_product__/10026} BLOCKED
10-20 08:58:43.707 I/AppsFilter(  534): interaction: PackageSetting{a610de8 com.geoloc.clientapp/10190} -> PackageSetting{cba6620 com.google.android.feedback/10166} BLOCKED
10-20 08:58:43.707 I/AppsFilter(  534): interaction: PackageSetting{a610de8 com.geoloc.clientapp/10190} -> PackageSetting{33b6bd9 com.google.android.printservice.recommendation/10101} BLOCKED
10-20 08:58:43.707 I/AppsFilter(  534): interaction: PackageSetting{a610de8 com.geoloc.clientapp/10190} -> PackageSetting{dff399e com.google.android.apps.photos/10151} BLOCKED
10-20 08:58:43.707 I/AppsFilter(  534): interaction: PackageSetting{a610de8 com.geoloc.clientapp/10190} -> PackageSetting{6ebe198 com.google.android.calendar/10137} BLOCKED
10-20 08:58:43.707 I/AppsFilter(  534): interaction: PackageSetting{a610de8 com.geoloc.clientapp/10190} -> PackageSetting{76ddc7f com.google.android.documentsui/10098} BLOCKED
10-20 08:58:43.707 I/AppsFilter(  534): interaction: PackageSetting{a610de8 com.geoloc.clientapp/10190} -> PackageSetting{c2fc44c com.android.systemui.emulation.pixel_3a_xl/10044} BLOCKED
10-20 08:58:43.707 I/AppsFilter(  534): interaction: PackageSetting{a610de8 com.geoloc.clientapp/10190} -> PackageSetting{cedec95 com.android.systemui.emulation.pixel_6_pro/10052} BLOCKED
10-20 08:58:43.707 I/AppsFilter(  534): interaction: PackageSetting{a610de8 com.geoloc.clientapp/10190} -> PackageSetting{fa151aa com.android.systemui.emulation.pixel_7_pro/10005} BLOCKED
10-20 08:58:43.707 I/AppsFilter(  534): interaction: PackageSetting{a610de8 com.geoloc.clientapp/10190} -> PackageSetting{20dc19b com.android.systemui.emulation.pixel_8_pro/10032} BLOCKED
10-20 08:58:43.707 I/AppsFilter(  534): interaction: PackageSetting{a610de8 com.geoloc.clientapp/10190} -> PackageSetting{9bad938 com.google.mainline.telemetry/10146} BLOCKED
10-20 08:58:43.707 I/AppsFilter(  534): interaction: PackageSetting{a610de8 com.geoloc.clientapp/10190} -> PackageSetting{c0dbd11 com.android.carrierconfig.auto_generated_rro_product__/10027} BLOCKED
10-20 08:58:43.707 I/AppsFilter(  534): interaction: PackageSetting{a610de8 com.geoloc.clientapp/10190} -> PackageSetting{d9ade76 com.android.providers.partnerbookmarks/10111} BLOCKED
10-20 08:58:43.707 I/AppsFilter(  534): interaction: PackageSetting{a610de8 com.geoloc.clientapp/10190} -> PackageSetting{ffcdc77 com.android.wallpaper.livepicker/10091} BLOCKED
10-20 08:58:43.707 I/AppsFilter(  534): interaction: PackageSetting{a610de8 com.geoloc.clientapp/10190} -> PackageSetting{4e050e4 com.android.providers.telephony.auto_generated_rro_product__/10002} BLOCKED
10-20 08:58:43.707 I/AppsFilter(  534): interaction: PackageSetting{a610de8 com.geoloc.clientapp/10190} -> PackageSetting{80194d com.android.phone.auto_generated_rro_vendor__/10078} BLOCKED
10-20 08:58:43.707 I/AppsFilter(  534): interaction: PackageSetting{a610de8 com.geoloc.clientapp/10190} -> PackageSetting{cce6c02 com.google.mainline.adservices/10145} BLOCKED
10-20 08:58:43.707 I/AppsFilter(  534): interaction: PackageSetting{a610de8 com.geoloc.clientapp/10190} -> PackageSetting{458c913 com.android.imsserviceentitlement/10124} BLOCKED
10-20 08:58:43.707 I/AppsFilter(  534): interaction: PackageSetting{a610de8 com.geoloc.clientapp/10190} -> PackageSetting{ec39750 com.google.android.healthconnect.controller/10170} BLOCKED
10-20 08:58:43.707 I/AppsFilter(  534): interaction: PackageSetting{a610de8 com.geoloc.clientapp/10190} -> PackageSetting{941fd49 com.android.internal.emulation.pixel_2_xl/10058} BLOCKED
10-20 08:58:43.707 I/AppsFilter(  534): interaction: PackageSetting{a610de8 com.geoloc.clientapp/10190} -> PackageSetting{bbb464e com.android.internal.emulation.pixel_3_xl/10062} BLOCKED
10-20 08:58:43.707 I/AppsFilter(  534): interaction: PackageSetting{a610de8 com.geoloc.clientapp/10190} -> PackageSetting{c7ce36f com.android.internal.emulation.pixel_4_xl/10036} BLOCKED
10-20 08:58:43.707 I/AppsFilter(  534): interaction: PackageSetting{a610de8 com.geoloc.clientapp/10190} -> PackageSetting{552d87c com.android.internal.emulation.pixel_fold/10008} BLOCKED
10-20 08:58:43.707 I/AppsFilter(  534): interaction: PackageSetting{a610de8 com.geoloc.clientapp/10190} -> PackageSetting{e242505 com.android.bookmarkprovider/10099} BLOCKED
10-20 08:58:43.707 I/AppsFilter(  534): interaction: PackageSetting{a610de8 com.geoloc.clientapp/10190} -> PackageSetting{f89795a com.google.android.overlay.pixelconfigcommon/10038} BLOCKED
10-20 08:58:43.707 I/AppsFilter(  534): interaction: PackageSetting{a610de8 com.geoloc.clientapp/10190} -> PackageSetting{61e478b com.android.systemui.accessibility.accessibilitymenu.auto_generated_rro_product__/10029} BLOCKED
10-20 08:58:43.707 I/AppsFilter(  534): interaction: PackageSetting{a610de8 com.geoloc.clientapp/10190} -> PackageSetting{5330068 com.android.systemui.emulation.pixel_3a/10030} BLOCKED
10-20 08:58:43.707 I/AppsFilter(  534): interaction: PackageSetting{a610de8 com.geoloc.clientapp/10190} -> PackageSetting{9470c81 com.android.systemui.emulation.pixel_4a/10010} BLOCKED
10-20 08:58:43.707 I/AppsFilter(  534): interaction: PackageSetting{a610de8 com.geoloc.clientapp/10190} -> PackageSetting{5d5d126 com.android.systemui.emulation.pixel_6a/10033} BLOCKED
10-20 08:58:43.707 I/AppsFilter(  534): interaction: PackageSetting{a610de8 com.geoloc.clientapp/10190} -> PackageSetting{b27d167 com.android.systemui.emulation.pixel_7a/10047} BLOCKED
10-20 08:58:43.707 I/AppsFilter(  534): interaction: PackageSetting{a610de8 com.geoloc.clientapp/10190} -> PackageSetting{e6bbb14 com.google.android.settings.intelligence/10123} BLOCKED
10-20 08:58:43.707 I/AppsFilter(  534): interaction: PackageSetting{a610de8 com.geoloc.clientapp/10190} -> PackageSetting{289075b com.google.android.projection.gearhead/10122} BLOCKED
10-20 08:58:43.707 I/AppsFilter(  534): interaction: PackageSetting{a610de8 com.geoloc.clientapp/10190} -> PackageSetting{c56efbd com.google.android.uwb.resources/10168} BLOCKED
10-20 08:58:43.707 I/AppsFilter(  534): interaction: PackageSetting{a610de8 com.geoloc.clientapp/10190} -> PackageSetting{ff80bf8 com.android.cts.ctsshim/10182} BLOCKED
10-20 08:58:43.707 I/AppsFilter(  534): interaction: PackageSetting{a610de8 com.geoloc.clientapp/10190} -> PackageSetting{73dd9b2 com.google.android.wifi.resources/10177} BLOCKED
10-20 08:58:43.707 I/AppsFilter(  534): interaction: PackageSetting{a610de8 com.geoloc.clientapp/10190} -> PackageSetting{f561d03 com.google.android.wifi.dialog/10179} BLOCKED
10-20 08:58:43.707 I/AppsFilter(  534): interaction: PackageSetting{a610de8 com.geoloc.clientapp/10190} -> PackageSetting{7d37480 com.google.android.apps.wallpaper/10167} BLOCKED
10-20 08:58:43.707 I/AppsFilter(  534): interaction: PackageSetting{a610de8 com.geoloc.clientapp/10190} -> PackageSetting{d87cab9 com.google.android.odad/10119} BLOCKED
10-20 08:58:43.707 I/AppsFilter(  534): interaction: PackageSetting{a610de8 com.geoloc.clientapp/10190} -> PackageSetting{6abdefe com.android.settings.auto_generated_rro_product__/10070} BLOCKED
10-20 08:58:43.707 I/AppsFilter(  534): interaction: PackageSetting{a610de8 com.geoloc.clientapp/10190} -> PackageSetting{b93865f com.android.internal.systemui.navbar.gestural/10045} BLOCKED
10-20 08:58:43.707 I/AppsFilter(  534): interaction: PackageSetting{a610de8 com.geoloc.clientapp/10190} -> PackageSetting{d3b58ac com.google.android.apps.youtube.music/10153} BLOCKED
10-20 08:58:43.707 I/AppsFilter(  534): interaction: PackageSetting{a610de8 com.geoloc.clientapp/10190} -> PackageSetting{8515975 com.android.bluetoothmidiservice/10104} BLOCKED
10-20 08:58:43.707 I/AppsFilter(  534): interaction: PackageSetting{a610de8 com.geoloc.clientapp/10190} -> PackageSetting{962ed0a com.android.storagemanager.auto_generated_rro_product__/10071} BLOCKED
10-20 08:58:43.707 I/AppsFilter(  534): interaction: PackageSetting{a610de8 com.geoloc.clientapp/10190} -> PackageSetting{314297b com.google.android.cellbroadcastreceiver/10176} BLOCKED
10-20 08:58:43.707 I/AppsFilter(  534): interaction: PackageSetting{a610de8 com.geoloc.clientapp/10190} -> PackageSetting{45b5398 com.android.phone.auto_generated_rro_product__/10065} BLOCKED
10-20 08:58:43.708 I/AppsFilter(  534): interaction: PackageSetting{a610de8 com.geoloc.clientapp/10190} -> PackageSetting{deb17f1 android.auto_generated_rro_product__/10046} BLOCKED
10-20 08:58:43.708 I/AppsFilter(  534): interaction: PackageSetting{a610de8 com.geoloc.clientapp/10190} -> PackageSetting{3cacfd6 com.android.internal.systemui.navbar.gestural_narrow_back/10035} BLOCKED
10-20 08:58:43.708 I/AppsFilter(  534): interaction: PackageSetting{a610de8 com.geoloc.clientapp/10190} -> PackageSetting{e31e257 com.google.android.inputmethod.latin/10154} BLOCKED
10-20 08:58:43.708 I/AppsFilter(  534): interaction: PackageSetting{a610de8 com.geoloc.clientapp/10190} -> PackageSetting{47e1144 android.auto_generated_rro_vendor__/10075} BLOCKED
10-20 08:58:43.708 I/AppsFilter(  534): interaction: PackageSetting{a610de8 com.geoloc.clientapp/10190} -> PackageSetting{188422d com.google.android.apps.restore/10120} BLOCKED
10-20 08:58:43.713 W/System  (13748): ClassLoader referenced unknown path: 
10-20 08:58:43.714 D/nativeloader(13748): Configuring clns-8 for other apk . target_sdk_version=36, uses_libraries=, library_path=/data/app/~~VvAygYvd3QH36VCgounlSw==/com.google.android.gms-fpeVtbq5S_09jY0y6AhOyA==/lib/x86_64:/data/app/~~VvAygYvd3QH36VCgounlSw==/com.google.android.gms-fpeVtbq5S_09jY0y6AhOyA==/base.apk!/lib/x86_64, permitted_path=/data:/mnt/expand:/data/user/0/com.google.android.gms
10-20 08:58:43.718 W/ziparchive(13748): Unable to open '/data/user_de/0/com.google.android.gms/app_chimera/m/00000012/dl-MapsCoreDynamite.integ_253425402100800.dm': No such file or directory
10-20 08:58:43.718 W/ziparchive(13748): Unable to open '/data/user_de/0/com.google.android.gms/app_chimera/m/00000012/dl-MapsCoreDynamite.integ_253425402100800.dm': No such file or directory
10-20 08:58:43.728 I/AppsFilter(  534): interaction: PackageSetting{a610de8 com.geoloc.clientapp/10190} -> PackageSetting{ae7272c com.android.cts.priv.ctsshim/10181} BLOCKED
10-20 08:58:43.728 I/AppsFilter(  534): interaction: PackageSetting{a610de8 com.geoloc.clientapp/10190} -> PackageSetting{a6345f5 com.google.android.youtube/10140} BLOCKED
10-20 08:58:43.728 I/AppsFilter(  534): interaction: PackageSetting{a610de8 com.geoloc.clientapp/10190} -> PackageSetting{c139f8a com.android.internal.display.cutout.emulation.corner/10049} BLOCKED
10-20 08:58:43.728 I/AppsFilter(  534): interaction: PackageSetting{a610de8 com.geoloc.clientapp/10190} -> PackageSetting{db329fb com.android.internal.display.cutout.emulation.double/10056} BLOCKED
10-20 08:58:43.728 I/AppsFilter(  534): interaction: PackageSetting{a610de8 com.geoloc.clientapp/10190} -> PackageSetting{f358a18 com.google.android.googlequicksearchbox/10132} BLOCKED
10-20 08:58:43.728 I/AppsFilter(  534): interaction: PackageSetting{a610de8 com.geoloc.clientapp/10190} -> PackageSetting{6f4c71 com.google.android.onetimeinitializer/10118} BLOCKED
10-20 08:58:43.728 I/AppsFilter(  534): interaction: PackageSetting{a610de8 com.geoloc.clientapp/10190} -> PackageSetting{9142a56 com.google.android.ext.shared/10107} BLOCKED
10-20 08:58:43.728 I/AppsFilter(  534): interaction: PackageSetting{a610de8 com.geoloc.clientapp/10190} -> PackageSetting{7006ad7 com.android.internal.systemui.navbar.gestural_wide_back/10040} BLOCKED
10-20 08:58:43.728 I/AppsFilter(  534): interaction: PackageSetting{a610de8 com.geoloc.clientapp/10190} -> PackageSetting{5052fc4 com.android.virtualmachine.res/10173} BLOCKED
10-20 08:58:43.728 I/AppsFilter(  534): interaction: PackageSetting{a610de8 com.geoloc.clientapp/10190} -> PackageSetting{d5b3ead com.google.android.federatedcompute/10186} BLOCKED
10-20 08:58:43.728 I/AppsFilter(  534): interaction: PackageSetting{a610de8 com.geoloc.clientapp/10190} -> PackageSetting{3c095e2 com.android.managedprovisioning.auto_generated_rro_product__/10003} BLOCKED
10-20 08:58:43.728 I/AppsFilter(  534): interaction: PackageSetting{a610de8 com.geoloc.clientapp/10190} -> PackageSetting{576dd73 com.android.carrierconfig.auto_generated_rro_vendor__/10077} BLOCKED
10-20 08:58:43.728 I/AppsFilter(  534): interaction: PackageSetting{a610de8 com.geoloc.clientapp/10190} -> PackageSetting{5078430 com.android.systemui.emulation.pixel_3_xl/10066} BLOCKED
10-20 08:58:43.728 I/AppsFilter(  534): interaction: PackageSetting{a610de8 com.geoloc.clientapp/10190} -> PackageSetting{b9a18a9 com.android.systemui.emulation.pixel_4_xl/10073} BLOCKED
10-20 08:58:43.728 I/AppsFilter(  534): interaction: PackageSetting{a610de8 com.geoloc.clientapp/10190} -> PackageSetting{fd62e2e com.android.systemui.emulation.pixel_fold/10014} BLOCKED
10-20 08:58:43.728 I/AppsFilter(  534): interaction: PackageSetting{a610de8 com.geoloc.clientapp/10190} -> PackageSetting{5d7ddcf com.android.simappdialog.auto_generated_rro_product__/10019} BLOCKED
10-20 08:58:43.728 I/AppsFilter(  534): interaction: PackageSetting{a610de8 com.geoloc.clientapp/10190} -> PackageSetting{f98b35c com.android.htmlviewer/10112} BLOCKED
10-20 08:58:43.728 I/AppsFilter(  534): interaction: PackageSetting{a610de8 com.geoloc.clientapp/10190} -> PackageSetting{fd29665 com.google.android.health.connect.backuprestore/10171} BLOCKED
10-20 08:58:43.728 I/AppsFilter(  534): interaction: PackageSetting{a610de8 com.geoloc.clientapp/10190} -> PackageSetting{d9aff3a com.android.systemui.auto_generated_rro_product__/10063} BLOCKED
10-20 08:58:43.728 I/AppsFilter(  534): interaction: PackageSetting{a610de8 com.geoloc.clientapp/10190} -> PackageSetting{59e87eb com.google.android.apps.messaging/10130} BLOCKED
10-20 08:58:43.728 I/AppsFilter(  534): interaction: PackageSetting{a610de8 com.geoloc.clientapp/10190} -> PackageSetting{caba948 com.google.android.soundpicker/10144} BLOCKED
10-20 08:58:43.728 I/AppsFilter(  534): interaction: PackageSetting{a610de8 com.geoloc.clientapp/10190} -> PackageSetting{85b33e1 com.google.android.configupdater/10129} BLOCKED
10-20 08:58:43.728 I/AppsFilter(  534): interaction: PackageSetting{a610de8 com.geoloc.clientapp/10190} -> PackageSetting{9a9d506 com.android.internal.emulation.pixel_3a_xl/10022} BLOCKED
10-20 08:58:43.728 I/AppsFilter(  534): interaction: PackageSetting{a610de8 com.geoloc.clientapp/10190} -> PackageSetting{4dbb7c7 com.android.internal.emulation.pixel_6_pro/10060} BLOCKED
10-20 08:58:43.728 I/AppsFilter(  534): interaction: PackageSetting{a610de8 com.geoloc.clientapp/10190} -> PackageSetting{e7611f4 com.android.internal.emulation.pixel_7_pro/10004} BLOCKED
10-20 08:58:43.728 I/AppsFilter(  534): interaction: PackageSetting{a610de8 com.geoloc.clientapp/10190} -> PackageSetting{8762d1d com.android.internal.emulation.pixel_8_pro/10048} BLOCKED
10-20 08:58:43.729 I/AppsFilter(  534): interaction: PackageSetting{a610de8 com.geoloc.clientapp/10190} -> PackageSetting{d7e3b92 com.android.internal.emulation.pixel_3a/10034} BLOCKED
10-20 08:58:43.729 I/AppsFilter(  534): interaction: PackageSetting{a610de8 com.geoloc.clientapp/10190} -> PackageSetting{9d20963 com.android.internal.emulation.pixel_4a/10037} BLOCKED
10-20 08:58:43.729 I/AppsFilter(  534): interaction: PackageSetting{a610de8 com.geoloc.clientapp/10190} -> PackageSetting{2dc5960 com.android.internal.emulation.pixel_6a/10043} BLOCKED
10-20 08:58:43.729 I/AppsFilter(  534): interaction: PackageSetting{a610de8 com.geoloc.clientapp/10190} -> PackageSetting{b4d7e19 com.android.internal.emulation.pixel_7a/10072} BLOCKED
10-20 08:58:43.729 I/AppsFilter(  534): interaction: PackageSetting{a610de8 com.geoloc.clientapp/10190} -> PackageSetting{cc07ede com.google.android.overlay.googlewebview/10028} BLOCKED
10-20 08:58:43.729 I/AppsFilter(  534): interaction: PackageSetting{a610de8 com.geoloc.clientapp/10190} -> PackageSetting{251d8bf com.google.android.hotspot2.osulogin/10178} BLOCKED
10-20 08:58:43.729 I/AppsFilter(  534): interaction: PackageSetting{a610de8 com.geoloc.clientapp/10190} -> PackageSetting{f9dab8c com.android.simappdialog/10113} BLOCKED
10-20 08:58:43.729 I/AppsFilter(  534): interaction: PackageSetting{a610de8 com.geoloc.clientapp/10190} -> PackageSetting{aaee2d5 com.android.internal.display.cutout.emulation.hole/10013} BLOCKED
10-20 08:58:43.729 I/AppsFilter(  534): interaction: PackageSetting{a610de8 com.geoloc.clientapp/10190} -> PackageSetting{b51aaea com.android.internal.display.cutout.emulation.tall/10031} BLOCKED
10-20 08:58:43.729 I/AppsFilter(  534): interaction: PackageSetting{a610de8 com.geoloc.clientapp/10190} -> PackageSetting{ed541db com.android.internal.systemui.navbar.threebutton/10001} BLOCKED
10-20 08:58:43.729 I/AppsFilter(  534): interaction: PackageSetting{a610de8 com.geoloc.clientapp/10190} -> PackageSetting{53ff478 com.android.camera2/10148} BLOCKED
10-20 08:58:43.729 I/AppsFilter(  534): interaction: PackageSetting{a610de8 com.geoloc.clientapp/10190} -> PackageSetting{587d751 com.android.systemui.auto_generated_rro_vendor__/10076} BLOCKED
10-20 08:58:43.729 I/AppsFilter(  534): interaction: PackageSetting{a610de8 com.geoloc.clientapp/10190} -> PackageSetting{8178bb6 com.google.android.deskclock/10141} BLOCKED
10-20 08:58:43.729 I/AppsFilter(  534): interaction: PackageSetting{a610de8 com.geoloc.clientapp/10190} -> PackageSetting{35c20b7 com.android.internal.systemui.navbar.twobutton/10009} BLOCKED
10-20 08:58:43.729 I/AppsFilter(  534): interaction: PackageSetting{a610de8 com.geoloc.clientapp/10190} -> PackageSetting{4bbe024 com.google.android.as/10125} BLOCKED
10-20 08:58:43.729 I/AppsFilter(  534): interaction: PackageSetting{a610de8 com.geoloc.clientapp/10190} -> PackageSetting{b51cd35 com.google.android.gm/10147} BLOCKED
10-20 08:58:43.729 I/AppsFilter(  534): interaction: PackageSetting{a610de8 com.geoloc.clientapp/10190} -> PackageSetting{888ad42 com.android.internal.systemui.navbar.gestural_extra_wide_back/10011} BLOCKED
10-20 08:58:43.729 I/AppsFilter(  534): interaction: PackageSetting{a610de8 com.geoloc.clientapp/10190} -> PackageSetting{a081153 com.android.systemui.emulation.pixel_3/10000} BLOCKED
10-20 08:58:43.729 I/AppsFilter(  534): interaction: PackageSetting{a610de8 com.geoloc.clientapp/10190} -> PackageSetting{3e8da90 com.android.systemui.emulation.pixel_4/10021} BLOCKED
10-20 08:58:43.729 I/AppsFilter(  534): interaction: PackageSetting{a610de8 com.geoloc.clientapp/10190} -> PackageSetting{81d1f89 com.android.systemui.emulation.pixel_5/10020} BLOCKED
10-20 08:58:43.729 I/AppsFilter(  534): interaction: PackageSetting{a610de8 com.geoloc.clientapp/10190} -> PackageSetting{f85b8e com.android.systemui.emulation.pixel_6/10050} BLOCKED
10-20 08:58:43.729 I/AppsFilter(  534): interaction: PackageSetting{a610de8 com.geoloc.clientapp/10190} -> PackageSetting{3786faf com.android.systemui.emulation.pixel_7/10061} BLOCKED
10-20 08:58:43.729 I/AppsFilter(  534): interaction: PackageSetting{a610de8 com.geoloc.clientapp/10190} -> PackageSetting{ca90fbc com.android.systemui.emulation.pixel_8/10024} BLOCKED
10-20 08:58:43.729 I/AppsFilter(  534): interaction: PackageSetting{a610de8 com.geoloc.clientapp/10190} -> PackageSetting{e2f2b45 com.android.nfc.auto_generated_rro_product__/10068} BLOCKED
10-20 08:58:43.729 I/AppsFilter(  534): interaction: PackageSetting{a610de8 com.geoloc.clientapp/10190} -> PackageSetting{5a2a29a com.android.printspooler/10102} BLOCKED
10-20 08:58:43.729 I/AppsFilter(  534): interaction: PackageSetting{a610de8 com.geoloc.clientapp/10190} -> PackageSetting{e657cb com.android.emergency.auto_generated_rro_product__/10017} BLOCKED
10-20 08:58:43.729 I/AppsFilter(  534): interaction: PackageSetting{a610de8 com.geoloc.clientapp/10190} -> PackageSetting{2d56ba8 com.google.android.connectivity.resources.goldfish.overlay/10080} BLOCKED
10-20 08:58:43.729 I/AppsFilter(  534): interaction: PackageSetting{a610de8 com.geoloc.clientapp/10190} -> PackageSetting{79c36c1 com.android.dreams.basic/10108} BLOCKED
10-20 08:58:43.729 I/AppsFilter(  534): interaction: PackageSetting{a610de8 com.geoloc.clientapp/10190} -> PackageSetting{784e66 com.google.android.networkstack.tethering.emulator/10059} BLOCKED
10-20 08:58:43.729 I/AppsFilter(  534): interaction: PackageSetting{a610de8 com.geoloc.clientapp/10190} -> PackageSetting{400a5a7 com.android.providers.settings.auto_generated_rro_product__/10051} BLOCKED
10-20 08:58:43.729 I/AppsFilter(  534): interaction: PackageSetting{a610de8 com.geoloc.clientapp/10190} -> PackageSetting{ce99a54 com.google.android.as.oss/10116} BLOCKED
10-20 08:58:43.729 I/AppsFilter(  534): interaction: PackageSetting{a610de8 com.geoloc.clientapp/10190} -> PackageSetting{d747dfd com.android.traceur.auto_generated_rro_product__/10064} BLOCKED
10-20 08:58:43.729 I/AppsFilter(  534): interaction: PackageSetting{a610de8 com.geoloc.clientapp/10190} -> PackageSetting{7aaeaf2 com.google.android.devicelockcontroller/10172} BLOCKED
10-20 08:58:43.729 I/AppsFilter(  534): interaction: PackageSetting{a610de8 com.geoloc.clientapp/10190} -> PackageSetting{87f543 com.google.android.dialer/10126} BLOCKED
10-20 08:58:43.729 I/AppsFilter(  534): interaction: PackageSetting{a610de8 com.geoloc.clientapp/10190} -> PackageSetting{b7007c0 com.android.internal.emulation.pixel_3/10039} BLOCKED
10-20 08:58:43.729 I/AppsFilter(  534): interaction: PackageSetting{a610de8 com.geoloc.clientapp/10190} -> PackageSetting{f8ffcf9 com.android.internal.emulation.pixel_4/10041} BLOCKED
10-20 08:58:43.729 I/AppsFilter(  534): interaction: PackageSetting{a610de8 com.geoloc.clientapp/10190} -> PackageSetting{f8c43e com.android.internal.emulation.pixel_5/10015} BLOCKED
10-20 08:58:43.729 I/AppsFilter(  534): interaction: PackageSetting{a610de8 com.geoloc.clientapp/10190} -> PackageSetting{baaa29f com.android.internal.emulation.pixel_6/10055} BLOCKED
10-20 08:58:43.729 I/AppsFilter(  534): interaction: PackageSetting{a610de8 com.geoloc.clientapp/10190} -> PackageSetting{b2ddfec com.android.internal.emulation.pixel_7/10023} BLOCKED
10-20 08:58:43.729 I/AppsFilter(  534): interaction: PackageSetting{a610de8 com.geoloc.clientapp/10190} -> PackageSetting{94a6fb5 com.android.internal.emulation.pixel_8/10054} BLOCKED
10-20 08:58:43.729 I/AppsFilter(  534): interaction: PackageSetting{a610de8 com.geoloc.clientapp/10190} -> PackageSetting{db8e64a com.google.android.captiveportallogin/10110} BLOCKED
10-20 08:58:43.729 I/AppsFilter(  534): interaction: PackageSetting{a610de8 com.geoloc.clientapp/10190} -> PackageSetting{520c9bb com.android.musicfx/10086} BLOCKED
10-20 08:58:43.729 I/AppsFilter(  534): interaction: PackageSetting{a610de8 com.geoloc.clientapp/10190} -> PackageSetting{e0f0ed8 com.google.android.apps.docs/10152} BLOCKED
10-20 08:58:43.729 I/AppsFilter(  534): interaction: PackageSetting{a610de8 com.geoloc.clientapp/10190} -> PackageSetting{5ff5231 com.google.android.modulemetadata/10149} BLOCKED
10-20 08:58:43.729 I/AppsFilter(  534): interaction: PackageSetting{a610de8 com.geoloc.clientapp/10190} -> PackageSetting{ba71d16 com.google.android.markup/10138} BLOCKED
10-20 08:58:43.729 I/AppsFilter(  534): interaction: PackageSetting{a610de8 com.geoloc.clientapp/10190} -> PackageSetting{6084697 com.android.providers.settings.auto_generated_rro_vendor__/10079} BLOCKED
10-20 08:58:43.729 I/AppsFilter(  534): interaction: PackageSetting{a610de8 com.geoloc.clientapp/10190} -> PackageSetting{6d24084 com.google.android.webview/10133} BLOCKED
10-20 08:58:43.729 I/AppsFilter(  534): interaction: PackageSetting{a610de8 com.geoloc.clientapp/10190} -> PackageSetting{145e06d com.google.android.rkpdapp/10189} BLOCKED
10-20 08:58:43.729 I/AppsFilter(  534): interaction: PackageSetting{a610de8 com.geoloc.clientapp/10190} -> PackageSetting{a58b5ca com.google.android.contacts/10136} BLOCKED
10-20 08:58:43.729 I/AppsFilter(  534): interaction: PackageSetting{a610de8 com.geoloc.clientapp/10190} -> PackageSetting{180b533 com.android.server.telecom.auto_generated_rro_product__/10006} BLOCKED
10-20 08:58:43.729 I/AppsFilter(  534): interaction: PackageSetting{a610de8 com.geoloc.clientapp/10190} -> PackageSetting{374e0f0 com.google.android.overlay.googleconfig/10007} BLOCKED
10-20 08:58:43.729 I/AppsFilter(  534): interaction: PackageSetting{a610de8 com.geoloc.clientapp/10190} -> PackageSetting{eed1669 com.android.chrome/10142} BLOCKED
10-20 08:58:43.729 I/AppsFilter(  534): interaction: PackageSetting{a610de8 com.geoloc.clientapp/10190} -> PackageSetting{5fcb8ee com.android.bips.auto_generated_rro_product__/10016} BLOCKED
10-20 08:58:43.729 I/AppsFilter(  534): interaction: PackageSetting{a610de8 com.geoloc.clientapp/10190} -> PackageSetting{307718f com.google.android.apps.customization.pixel/10150} BLOCKED
10-20 08:58:43.729 I/AppsFilter(  534): interaction: PackageSetting{a610de8 com.geoloc.clientapp/10190} -> PackageSetting{25f1c1c com.google.android.tag/10087} BLOCKED
10-20 08:58:43.729 I/AppsFilter(  534): interaction: PackageSetting{a610de8 com.geoloc.clientapp/10190} -> PackageSetting{6b7b025 com.google.android.overlay.permissioncontroller/10067} BLOCKED
10-20 08:58:43.729 I/AppsFilter(  534): interaction: PackageSetting{a610de8 com.geoloc.clientapp/10190} -> PackageSetting{57f75fa com.google.android.partnersetup/10128} BLOCKED
10-20 08:58:43.729 I/AppsFilter(  534): interaction: PackageSetting{a610de8 com.geoloc.clientapp/10190} -> PackageSetting{69397ab com.google.android.apps.wallpaper.nexus/10134} BLOCKED
10-20 08:58:43.729 I/AppsFilter(  534): interaction: PackageSetting{a610de8 com.geoloc.clientapp/10190} -> PackageSetting{e4fde08 com.google.android.apps.nexuslauncher/10162} BLOCKED
10-20 08:58:43.729 I/AppsFilter(  534): interaction: PackageSetting{a610de8 com.geoloc.clientapp/10190} -> PackageSetting{fd829a1 com.google.android.nearby.halfsheet/10188} BLOCKED
10-20 08:58:43.729 I/AppsFilter(  534): interaction: PackageSetting{a610de8 com.geoloc.clientapp/10190} -> PackageSetting{f3ef7c6 com.android.theme.font.notoserifsource/10053} BLOCKED
10-20 08:58:43.729 I/AppsFilter(  534): interaction: PackageSetting{a610de8 com.geoloc.clientapp/10190} -> PackageSetting{6720387 com.google.android.safetycenter.resources/10183} BLOCKED
10-20 08:58:43.729 I/AppsFilter(  534): interaction: PackageSetting{a610de8 com.geoloc.clientapp/10190} -> PackageSetting{d08d2b4 com.android.internal.display.cutout.emulation.waterfall/10057} BLOCKED
10-20 08:58:43.729 I/AppsFilter(  534): interaction: PackageSetting{a610de8 com.geoloc.clientapp/10190} -> PackageSetting{82cbedd com.android.internal.systemui.navbar.transparent/10018} BLOCKED
10-20 08:58:43.729 I/AppsFilter(  534): interaction: PackageSetting{a610de8 com.geoloc.clientapp/10190} -> PackageSetting{922ca52 com.google.android.connectivity.resources/10187} BLOCKED
10-20 08:58:43.729 I/AppsFilter(  534): interaction: PackageSetting{a610de8 com.geoloc.clientapp/10190} -> PackageSetting{ae15123 com.android.providers.contacts.auto_generated_rro_product__/10026} BLOCKED
10-20 08:58:43.729 I/AppsFilter(  534): interaction: PackageSetting{a610de8 com.geoloc.clientapp/10190} -> PackageSetting{cba6620 com.google.android.feedback/10166} BLOCKED
10-20 08:58:43.729 I/AppsFilter(  534): interaction: PackageSetting{a610de8 com.geoloc.clientapp/10190} -> PackageSetting{33b6bd9 com.google.android.printservice.recommendation/10101} BLOCKED
10-20 08:58:43.729 I/AppsFilter(  534): interaction: PackageSetting{a610de8 com.geoloc.clientapp/10190} -> PackageSetting{dff399e com.google.android.apps.photos/10151} BLOCKED
10-20 08:58:43.729 I/AppsFilter(  534): interaction: PackageSetting{a610de8 com.geoloc.clientapp/10190} -> PackageSetting{6ebe198 com.google.android.calendar/10137} BLOCKED
10-20 08:58:43.729 I/AppsFilter(  534): interaction: PackageSetting{a610de8 com.geoloc.clientapp/10190} -> PackageSetting{76ddc7f com.google.android.documentsui/10098} BLOCKED
10-20 08:58:43.729 I/AppsFilter(  534): interaction: PackageSetting{a610de8 com.geoloc.clientapp/10190} -> PackageSetting{c2fc44c com.android.systemui.emulation.pixel_3a_xl/10044} BLOCKED
10-20 08:58:43.729 I/AppsFilter(  534): interaction: PackageSetting{a610de8 com.geoloc.clientapp/10190} -> PackageSetting{cedec95 com.android.systemui.emulation.pixel_6_pro/10052} BLOCKED
10-20 08:58:43.729 I/AppsFilter(  534): interaction: PackageSetting{a610de8 com.geoloc.clientapp/10190} -> PackageSetting{fa151aa com.android.systemui.emulation.pixel_7_pro/10005} BLOCKED
10-20 08:58:43.729 I/AppsFilter(  534): interaction: PackageSetting{a610de8 com.geoloc.clientapp/10190} -> PackageSetting{20dc19b com.android.systemui.emulation.pixel_8_pro/10032} BLOCKED
10-20 08:58:43.729 I/AppsFilter(  534): interaction: PackageSetting{a610de8 com.geoloc.clientapp/10190} -> PackageSetting{9bad938 com.google.mainline.telemetry/10146} BLOCKED
10-20 08:58:43.729 I/AppsFilter(  534): interaction: PackageSetting{a610de8 com.geoloc.clientapp/10190} -> PackageSetting{c0dbd11 com.android.carrierconfig.auto_generated_rro_product__/10027} BLOCKED
10-20 08:58:43.729 I/AppsFilter(  534): interaction: PackageSetting{a610de8 com.geoloc.clientapp/10190} -> PackageSetting{d9ade76 com.android.providers.partnerbookmarks/10111} BLOCKED
10-20 08:58:43.729 I/AppsFilter(  534): interaction: PackageSetting{a610de8 com.geoloc.clientapp/10190} -> PackageSetting{ffcdc77 com.android.wallpaper.livepicker/10091} BLOCKED
10-20 08:58:43.729 I/AppsFilter(  534): interaction: PackageSetting{a610de8 com.geoloc.clientapp/10190} -> PackageSetting{4e050e4 com.android.providers.telephony.auto_generated_rro_product__/10002} BLOCKED
10-20 08:58:43.729 I/AppsFilter(  534): interaction: PackageSetting{a610de8 com.geoloc.clientapp/10190} -> PackageSetting{80194d com.android.phone.auto_generated_rro_vendor__/10078} BLOCKED
10-20 08:58:43.729 I/AppsFilter(  534): interaction: PackageSetting{a610de8 com.geoloc.clientapp/10190} -> PackageSetting{cce6c02 com.google.mainline.adservices/10145} BLOCKED
10-20 08:58:43.729 I/AppsFilter(  534): interaction: PackageSetting{a610de8 com.geoloc.clientapp/10190} -> PackageSetting{458c913 com.android.imsserviceentitlement/10124} BLOCKED
10-20 08:58:43.729 I/AppsFilter(  534): interaction: PackageSetting{a610de8 com.geoloc.clientapp/10190} -> PackageSetting{ec39750 com.google.android.healthconnect.controller/10170} BLOCKED
10-20 08:58:43.729 I/AppsFilter(  534): interaction: PackageSetting{a610de8 com.geoloc.clientapp/10190} -> PackageSetting{941fd49 com.android.internal.emulation.pixel_2_xl/10058} BLOCKED
